Microchip MPLAB XC8 Compiler V3.10

Linker command line:

-W-3 \
  --edf=D:/packs/Microchip/PIC16F1xxxx_DFP/1.29.444/xc8\pic\dat\20251218141021_en.msgs \
  -cn -h+dist/default/production\IOT_DEV_SENSOR.X.production.sym \
  --cmf=dist/default/production\IOT_DEV_SENSOR.X.production.cmf -z -w9 \
  --disl=596:off --norlf -Q16F18124 \
  -oC:\Users\alext\AppData\Local\Temp\xcAsn48.0\driver_tmp_3.o \
  --defsym=__MPLAB_BUILD=1 \
  -Mdist/default/production/IOT_DEV_SENSOR.X.production.map \
  --md=C:\Users\alext\AppData\Local\Temp\xcAsn48.0\driver_tmp_0.dat -E1 \
  -ver=XC8 Compiler -ACODE=00h-07FFhx2 -ASTRCODE=00h-0FFFh \
  -ASTRING=00h-0FFhx16 -ACONST=00h-0FFhx16 -AENTRY=00h-0FFhx16 \
  -ACOMMON=070h-07Fh -ABANK0=020h-06Fh -ABANK1=0A0h-0EFh \
  -ABANK2=0120h-016Fh -ABANK3=01A0h-01EFh -ABANK4=0220h-026Fh \
  -ABANK5=02A0h-02EFh -ABANK6=0320h-032Fh -ABIGRAM=02000h-021EFh \
  -ARAM=020h-06Fh,0A0h-0EFh,0120h-016Fh,01A0h-01EFh,0220h-026Fh,02A0h-02EFh,0320h-032Fh \
  -AABS1=020h-07Fh,0A0h-0EFh,0120h-016Fh,01A0h-01EFh,0220h-026Fh,02A0h-02EFh,0320h-032Fh \
  -ASFR0=00h-01Fh -ASFR1=080h-09Fh -ASFR2=0100h-011Fh -ASFR3=0180h-019Fh \
  -ASFR4=0200h-021Fh -ASFR5=0280h-029Fh -ASFR6=0300h-031Fh \
  -ASFR7=0380h-03EFh -ASFR8=0400h-046Fh -ASFR9=0480h-04EFh \
  -ASFR10=0500h-056Fh -ASFR11=0580h-05EFh -ASFR12=0600h-066Fh \
  -ASFR13=0680h-06EFh -ASFR14=0700h-076Fh -ASFR15=0780h-07EFh \
  -ASFR16=0800h-086Fh -ASFR17=0880h-08EFh -ASFR18=0900h-096Fh \
  -ASFR19=0980h-09EFh -ASFR20=0A00h-0A6Fh -ASFR21=0A80h-0AEFh \
  -ASFR22=0B00h-0B6Fh -ASFR23=0B80h-0BEFh -ASFR24=0C00h-0C6Fh \
  -ASFR25=0C80h-0CEFh -ASFR26=0D00h-0D6Fh -ASFR27=0D80h-0DEFh \
  -ASFR28=0E00h-0E6Fh -ASFR29=0E80h-0EEFh -ASFR30=0F00h-0F6Fh \
  -ASFR31=0F80h-0FEFh -ASFR32=01000h-0106Fh -ASFR33=01080h-010EFh \
  -ASFR34=01100h-0116Fh -ASFR35=01180h-011EFh -ASFR36=01200h-0126Fh \
  -ASFR37=01280h-012EFh -ASFR38=01300h-0136Fh -ASFR39=01380h-013EFh \
  -ASFR40=01400h-0146Fh -ASFR41=01480h-014EFh -ASFR42=01500h-0156Fh \
  -ASFR43=01580h-015EFh -ASFR44=01600h-0166Fh -ASFR45=01680h-016EFh \
  -ASFR46=01700h-0176Fh -ASFR47=01780h-017EFh -ASFR48=01800h-0186Fh \
  -ASFR49=01880h-018EFh -ASFR50=01900h-0196Fh -ASFR51=01980h-019EFh \
  -ASFR52=01A00h-01A6Fh -ASFR53=01A80h-01AEFh -ASFR54=01B00h-01B6Fh \
  -ASFR55=01B80h-01BEFh -ASFR56=01C00h-01C6Fh -ASFR57=01C80h-01CEFh \
  -ASFR58=01D00h-01D6Fh -ASFR59=01D80h-01DEFh -ASFR60=01E00h-01E6Fh \
  -ASFR61=01E80h-01EEFh -ASFR62=01F00h-01F6Fh -ASFR63=01F80h-01FEFh \
  -ACONFIG=08007h-0800Bh -DCONFIG=2 -AIDLOC=08000h-08003h -DIDLOC=2 \
  -AEEDATA=00h-07Fh/0F000h -peeprom_data=EEDATA -DEEDATA=2 -DCODE=2 \
  -DSTRCODE=2 -DSTRING=2 -DCONST=2 -DENTRY=2 \
  -preset_vec=00h,intentry=04h,sivt,init,end_init -ppowerup=CODE \
  -pcinit=CODE -pfunctab=ENTRY -k \
  C:\Users\alext\AppData\Local\Temp\xcAsn48.0\driver_tmp_15.o \
  dist/default/production\IOT_DEV_SENSOR.X.production.o 

Object code version is 3.11

Machine type is 16F18124



                Name                               Link     Load   Length Selector   Space Scale
C:\Users\alext\AppData\Local\Temp\xcAsn48.0\driver_tmp_15.o
                end_init                             2C       2C        3        8       0
                reset_vec                             0        0        2        0       0
                config                             8007     8007        5        0       4
dist/default/production\IOT_DEV_SENSOR.X.production.o
                cinit                                2F       2F       3D        8       0
                intentry                              4        4       28        8       0
                config                             8007     8007        5        0       4
                text73                                0        0        7        0       0
                text72                              47B      47B       A5        8       0
                text71                              B86      B86       42     170C       0
                text70                                7        7        E        0       0
                text68                              905      905       2B     120A       0
                text67                               15       15       19        0       0
                text66                               6C       6C      197        8       0
                text65                               2E       2E        B        0       0
                text64                               39       39        7        0       0
                text63                               40       40       19        0       0
                text62                               59       59       11        0       0
                text61                              A10      A10       31     1420       0
                text60                               6A       6A        A        0       0
                text59                               74       74       1B        0       0
                text58                              3CB      3CB       B0        8       0
                text57                               8F       8F        2        0       0
                text56                                2        2        2        0       0
                text55                              C51      C51       49     18A2       0
                text54                               91       91       15        0       0
                text53                              801      801       15     1002       0
                text52                              870      870       23     10E0       0
                text51                               A6       A6       16        0       0
                text50                              9B4      9B4       2D     1368       0
                text49                               BC       BC       13        0       0
                text48                              8B7      8B7       26     116E       0
                text47                              ED6      ED6       60     1DAC       0
                text46                              930      930       2C     1260       0
                text45                              95C      95C       2C     12B8       0
                text44                              988      988       2C     1310       0
                text43                              B12      B12       3A     1624       0
                text42                              520      520       81        8       0
                text41                              8DD      8DD       28     11BA       0
                text40                              E28      E28       55     1C50       0
                text39                               CF       CF       18        0       0
                text38                              6FD      6FD       6F        8       0
                text37                              C0C      C0C       45     1818       0
                text36                              E7D      E7D       59     1CFA       0
                text35                              A72      A72       34     14E4       0
                text34                              DD5      DD5       53     1BAA       0
                text33                              9E1      9E1       2F     13C2       0
                text32                              ADB      ADB       37     15B6       0
                text31                               E7       E7        7        0       0
                text30                               EE       EE        3        0       0
                text29                              832      832       1F     1064       0
                text28                              F36      F36       65     1E6C       0
                text27                              61C      61C       72        8       0
                text26                               F1       F1        1        0       0
                text25                              851      851       1F     10A2       0
                text24                              203      203      110        8       0
                text23                              D34      D34       50     1A68       0
                text22                               F2       F2        A        0       0
                text21                               FC       FC        B        0       0
                text20                              C9A      C9A       4B     1934       0
                text19                              AA6      AA6       35     154C       0
                text18                              D84      D84       51     1B08       0
                text17                              107      107       18        0       0
                text16                              11F      11F       14        0       0
                text15                              133      133        3        0       0
                text14                              B4C      B4C       3A     1698       0
                text13                              CE5      CE5       4F     19CA       0
                text12                              893      893       24     1126       0
                text11                              5A1      5A1       7B        8       0
                text10                              313      313       B8        8       0
                text9                               A41      A41       31     1482       0
                text8                               76C      76C       69        8       0
                text7                               F9B      F9B       65     1F36       0
                text6                               136      136       12        0       0
                text5                               148      148        9        0       0
                text4                               BC8      BC8       44     1790       0
                text3                               816      816       1C     102C       0
                text2                               151      151       13        0       0
                text1                               164      164        B        0       0
                maintext                            68E      68E       6F        8       0
                cstackBANK0                          20       20       40       20       1
                cstackCOMMON                         70       70        7       70       1
                cstackBANK1                          ED       ED        3       A0       1
                cstackBANK2                         120      120        5      120       1
                clrtext                             16F      16F        C        0       0
                inittext                            17B      17B        C        0       0
                dataBANK1                            DA       DA       13       A0       1
                bssBANK1                             A0       A0       3A       A0       1
                bssBANK0                             60       60        E       20       1
                dataCOMMON                           7D       7D        1       70       1
                bssCOMMON                            77       77        6       70       1
                stringtext1                         7D5      7D5       2C      FAA       0
                idataBANK1                          187      187       13        0       0
                idataCOMMON                         19A      19A        1        0       0

TOTAL           Name                               Link     Load   Length     Space
        CLASS   CODE           
                end_init                             2C       2C        3         0
                cinit                                2F       2F       3D         0
                intentry                              4        4       28         0
                reset_vec                             0        0        2         0
                text73                                0        0        7         0
                text72                              47B      47B       A5         0
                text71                              B86      B86       42         0
                text70                                7        7        E         0
                text68                              905      905       2B         0
                text67                               15       15       19         0
                text66                               6C       6C      197         0
                text65                               2E       2E        B         0
                text64                               39       39        7         0
                text63                               40       40       19         0
                text62                               59       59       11         0
                text61                              A10      A10       31         0
                text60                               6A       6A        A         0
                text59                               74       74       1B         0
                text58                              3CB      3CB       B0         0
                text57                               8F       8F        2         0
                text56                                2        2        2         0
                text55                              C51      C51       49         0
                text54                               91       91       15         0
                text53                              801      801       15         0
                text52                              870      870       23         0
                text51                               A6       A6       16         0
                text50                              9B4      9B4       2D         0
                text49                               BC       BC       13         0
                text48                              8B7      8B7       26         0
                text47                              ED6      ED6       60         0
                text46                              930      930       2C         0
                text45                              95C      95C       2C         0
                text44                              988      988       2C         0
                text43                              B12      B12       3A         0
                text42                              520      520       81         0
                text41                              8DD      8DD       28         0
                text40                              E28      E28       55         0
                text39                               CF       CF       18         0
                text38                              6FD      6FD       6F         0
                text37                              C0C      C0C       45         0
                text36                              E7D      E7D       59         0
                text35                              A72      A72       34         0
                text34                              DD5      DD5       53         0
                text33                              9E1      9E1       2F         0
                text32                              ADB      ADB       37         0
                text31                               E7       E7        7         0
                text30                               EE       EE        3         0
                text29                              832      832       1F         0
                text28                              F36      F36       65         0
                text27                              61C      61C       72         0
                text26                               F1       F1        1         0
                text25                              851      851       1F         0
                text24                              203      203      110         0
                text23                              D34      D34       50         0
                text22                               F2       F2        A         0
                text21                               FC       FC        B         0
                text20                              C9A      C9A       4B         0
                text19                              AA6      AA6       35         0
                text18                              D84      D84       51         0
                text17                              107      107       18         0
                text16                              11F      11F       14         0
                text15                              133      133        3         0
                text14                              B4C      B4C       3A         0
                text13                              CE5      CE5       4F         0
                text12                              893      893       24         0
                text11                              5A1      5A1       7B         0
                text10                              313      313       B8         0
                text9                               A41      A41       31         0
                text8                               76C      76C       69         0
                text7                               F9B      F9B       65         0
                text6                               136      136       12         0
                text5                               148      148        9         0
                text4                               BC8      BC8       44         0
                text3                               816      816       1C         0
                text2                               151      151       13         0
                text1                               164      164        B         0
                maintext                            68E      68E       6F         0
                clrtext                             16F      16F        C         0
                inittext                            17B      17B        C         0
                idataBANK1                          187      187       13         0
                idataCOMMON                         19A      19A        1         0

        CLASS   STRCODE        
                stringtext1                         7D5      7D5       2C         0

        CLASS   STRING         

        CLASS   CONST          

        CLASS   ENTRY          

        CLASS   COMMON         
                cstackCOMMON                         70       70        7         1
                dataCOMMON                           7D       7D        1         1
                bssCOMMON                            77       77        6         1

        CLASS   BANK0          
                cstackBANK0                          20       20       40         1
                bssBANK0                             60       60        E         1

        CLASS   BANK1          
                cstackBANK1                          ED       ED        3         1
                dataBANK1                            DA       DA       13         1
                bssBANK1                             A0       A0       3A         1

        CLASS   BANK2          
                cstackBANK2                         120      120        5         1

        CLASS   BANK3          

        CLASS   BANK4          

        CLASS   BANK5          

        CLASS   BANK6          

        CLASS   BIGRAM         

        CLASS   RAM            

        CLASS   ABS1           
                abs_s1                               7E       7E        2         1
                abs_s1                              1E7      1E7        9         1
                abs_s1                              220      220       50         1
                abs_s1                              2A0      2A0       50         1
                abs_s1                              320      320       10         1
                abs_s1                             2137     2137        0         1

        CLASS   SFR0           

        CLASS   SFR1           

        CLASS   SFR2           

        CLASS   SFR3           

        CLASS   SFR4           

        CLASS   SFR5           

        CLASS   SFR6           

        CLASS   SFR7           

        CLASS   SFR8           

        CLASS   SFR9           

        CLASS   SFR10          

        CLASS   SFR11          

        CLASS   SFR12          

        CLASS   SFR13          

        CLASS   SFR14          

        CLASS   SFR15          

        CLASS   SFR16          

        CLASS   SFR17          

        CLASS   SFR18          

        CLASS   SFR19          

        CLASS   SFR20          

        CLASS   SFR21          

        CLASS   SFR22          

        CLASS   SFR23          

        CLASS   SFR24          

        CLASS   SFR25          

        CLASS   SFR26          

        CLASS   SFR27          

        CLASS   SFR28          

        CLASS   SFR29          

        CLASS   SFR30          

        CLASS   SFR31          

        CLASS   SFR32          

        CLASS   SFR33          

        CLASS   SFR34          

        CLASS   SFR35          

        CLASS   SFR36          

        CLASS   SFR37          

        CLASS   SFR38          

        CLASS   SFR39          

        CLASS   SFR40          

        CLASS   SFR41          

        CLASS   SFR42          

        CLASS   SFR43          

        CLASS   SFR44          

        CLASS   SFR45          

        CLASS   SFR46          

        CLASS   SFR47          

        CLASS   SFR48          

        CLASS   SFR49          

        CLASS   SFR50          

        CLASS   SFR51          

        CLASS   SFR52          

        CLASS   SFR53          

        CLASS   SFR54          

        CLASS   SFR55          

        CLASS   SFR56          

        CLASS   SFR57          

        CLASS   SFR58          

        CLASS   SFR59          

        CLASS   SFR60          

        CLASS   SFR61          

        CLASS   SFR62          

        CLASS   SFR63          

        CLASS   CONFIG         
                config                             8007     8007        5         4

        CLASS   IDLOC          

        CLASS   EEDATA         

        CLASS   BANK63         

        CLASS   BANK62         

        CLASS   BANK61         

        CLASS   BANK60         

        CLASS   BANK59         

        CLASS   BANK58         

        CLASS   BANK57         

        CLASS   BANK56         

        CLASS   BANK55         

        CLASS   BANK54         

        CLASS   BANK53         

        CLASS   BANK52         

        CLASS   BANK51         

        CLASS   BANK50         

        CLASS   BANK49         

        CLASS   BANK48         

        CLASS   BANK47         

        CLASS   BANK46         

        CLASS   BANK45         

        CLASS   BANK44         

        CLASS   BANK43         

        CLASS   BANK42         

        CLASS   BANK41         

        CLASS   BANK40         

        CLASS   BANK39         

        CLASS   BANK38         

        CLASS   BANK37         

        CLASS   BANK36         

        CLASS   BANK35         

        CLASS   BANK34         

        CLASS   BANK33         

        CLASS   BANK32         

        CLASS   BANK31         

        CLASS   BANK30         

        CLASS   BANK29         

        CLASS   BANK28         

        CLASS   BANK27         

        CLASS   BANK26         

        CLASS   BANK25         

        CLASS   BANK24         

        CLASS   BANK23         

        CLASS   BANK22         

        CLASS   BANK21         

        CLASS   BANK20         

        CLASS   BANK19         

        CLASS   BANK18         

        CLASS   BANK17         

        CLASS   BANK16         

        CLASS   BANK15         

        CLASS   BANK14         

        CLASS   BANK13         

        CLASS   BANK12         

        CLASS   BANK11         

        CLASS   BANK10         

        CLASS   BANK9          

        CLASS   BANK8          

        CLASS   BANK7          

        CLASS   HEAP           

        CLASS   STACK          



SEGMENTS        Name                           Load    Length   Top    Selector   Space  Class     Delta

                reset_vec                      000000  000004  000004         0       0  CODE        2
                intentry                       000004  0007D1  0007D5         8       0  CODE        2
                cstackBANK0                    000020  00004E  00006E        20       1  BANK0       1
                cstackCOMMON                   000070  00000E  00007E        70       1  COMMON      1
                bssBANK1                       0000A0  000050  0000F0        A0       1  BANK1       1
                cstackBANK2                    000120  000005  000125       120       1  BANK2       1
                stringtext1                    0007D5  00002C  000801       FAA       0  STRCODE     2
                text53                         000801  000015  000816      1002       0  CODE        2
                text3                          000816  00001C  000832      102C       0  CODE        2
                text29                         000832  00001F  000851      1064       0  CODE        2
                text25                         000851  00001F  000870      10A2       0  CODE        2
                text52                         000870  000023  000893      10E0       0  CODE        2
                text12                         000893  000024  0008B7      1126       0  CODE        2
                text48                         0008B7  000026  0008DD      116E       0  CODE        2
                text41                         0008DD  000028  000905      11BA       0  CODE        2
                text68                         000905  00002B  000930      120A       0  CODE        2
                text46                         000930  00002C  00095C      1260       0  CODE        2
                text45                         00095C  00002C  000988      12B8       0  CODE        2
                text44                         000988  00002C  0009B4      1310       0  CODE        2
                text50                         0009B4  00002D  0009E1      1368       0  CODE        2
                text33                         0009E1  00002F  000A10      13C2       0  CODE        2
                text61                         000A10  000031  000A41      1420       0  CODE        2
                text9                          000A41  000031  000A72      1482       0  CODE        2
                text35                         000A72  000034  000AA6      14E4       0  CODE        2
                text19                         000AA6  000035  000ADB      154C       0  CODE        2
                text32                         000ADB  000037  000B12      15B6       0  CODE        2
                text43                         000B12  00003A  000B4C      1624       0  CODE        2
                text14                         000B4C  00003A  000B86      1698       0  CODE        2
                text71                         000B86  000042  000BC8      170C       0  CODE        2
                text4                          000BC8  000044  000C0C      1790       0  CODE        2
                text37                         000C0C  000045  000C51      1818       0  CODE        2
                text55                         000C51  000049  000C9A      18A2       0  CODE        2
                text20                         000C9A  00004B  000CE5      1934       0  CODE        2
                text13                         000CE5  00004F  000D34      19CA       0  CODE        2
                text23                         000D34  000050  000D84      1A68       0  CODE        2
                text18                         000D84  000051  000DD5      1B08       0  CODE        2
                text34                         000DD5  000053  000E28      1BAA       0  CODE        2
                text40                         000E28  000055  000E7D      1C50       0  CODE        2
                text36                         000E7D  000059  000ED6      1CFA       0  CODE        2
                text47                         000ED6  000060  000F36      1DAC       0  CODE        2
                text28                         000F36  000065  000F9B      1E6C       0  CODE        2
                text7                          000F9B  000065  001000      1F36       0  CODE        2


UNUSED ADDRESS RANGES

        Name                Unused          Largest block    Delta
        BANK0            0006E-0006F               2           1
        BANK2            00125-0016F              4B           1
        BANK3            001A0-001E6              47           1
        BIGRAM           02000-021EF             1F0           1
        EEDATA           0F000-0F07F              80           2
        IDLOC            08000-08003               4           2
        RAM              0006E-0006F               2           1
                         00125-0016F              4B
                         001A0-001E6              47
        SFR0             00000-0001F              20           1
        SFR1             00080-0009F              20           1
        SFR10            00500-0056F              70           1
        SFR11            00580-005EF              70           1
        SFR12            00600-0066F              70           1
        SFR13            00680-006EF              70           1
        SFR14            00700-0076F              70           1
        SFR15            00780-007EF              70           1
        SFR16            00800-0086F              70           1
        SFR17            00880-008EF              70           1
        SFR18            00900-0096F              70           1
        SFR19            00980-009EF              70           1
        SFR2             00100-0011F              20           1
        SFR20            00A00-00A6F              70           1
        SFR21            00A80-00AEF              70           1
        SFR22            00B00-00B6F              70           1
        SFR23            00B80-00BEF              70           1
        SFR24            00C00-00C6F              70           1
        SFR25            00C80-00CEF              70           1
        SFR26            00D00-00D6F              70           1
        SFR27            00D80-00DEF              70           1
        SFR28            00E00-00E6F              70           1
        SFR29            00E80-00EEF              70           1
        SFR3             00180-0019F              20           1
        SFR30            00F00-00F6F              70           1
        SFR31            00F80-00FEF              70           1
        SFR32            01000-0106F              70           1
        SFR33            01080-010EF              70           1
        SFR34            01100-0116F              70           1
        SFR35            01180-011EF              70           1
        SFR36            01200-0126F              70           1
        SFR37            01280-012EF              70           1
        SFR38            01300-0136F              70           1
        SFR39            01380-013EF              70           1
        SFR4             00200-0021F              20           1
        SFR40            01400-0146F              70           1
        SFR41            01480-014EF              70           1
        SFR42            01500-0156F              70           1
        SFR43            01580-015EF              70           1
        SFR44            01600-0166F              70           1
        SFR45            01680-016EF              70           1
        SFR46            01700-0176F              70           1
        SFR47            01780-017EF              70           1
        SFR48            01800-0186F              70           1
        SFR49            01880-018EF              70           1
        SFR5             00280-0029F              20           1
        SFR50            01900-0196F              70           1
        SFR51            01980-019EF              70           1
        SFR52            01A00-01A6F              70           1
        SFR53            01A80-01AEF              70           1
        SFR54            01B00-01B6F              70           1
        SFR55            01B80-01BEF              70           1
        SFR56            01C00-01C6F              70           1
        SFR57            01C80-01CEF              70           1
        SFR58            01D00-01D6F              70           1
        SFR59            01D80-01DEF              70           1
        SFR6             00300-0031F              20           1
        SFR60            01E00-01E6F              70           1
        SFR61            01E80-01EEF              70           1
        SFR62            01F00-01F6F              70           1
        SFR63            01F80-01FEF              70           1
        SFR7             00380-003EF              70           1
        SFR8             00400-0046F              70           1
        SFR9             00480-004EF              70           1

                                  Symbol Table

__H__absolute__                      __absolute__ 00000
__Habs1                              abs1         00000
__Hbank0                             bank0        00000
__Hbank1                             bank1        00000
__Hbank10                            bank10       00000
__Hbank11                            bank11       00000
__Hbank12                            bank12       00000
__Hbank13                            bank13       00000
__Hbank14                            bank14       00000
__Hbank15                            bank15       00000
__Hbank16                            bank16       00000
__Hbank17                            bank17       00000
__Hbank18                            bank18       00000
__Hbank19                            bank19       00000
__Hbank2                             bank2        00000
__Hbank20                            bank20       00000
__Hbank21                            bank21       00000
__Hbank22                            bank22       00000
__Hbank23                            bank23       00000
__Hbank24                            bank24       00000
__Hbank25                            bank25       00000
__Hbank26                            bank26       00000
__Hbank27                            bank27       00000
__Hbank28                            bank28       00000
__Hbank29                            bank29       00000
__Hbank3                             bank3        00000
__Hbank30                            bank30       00000
__Hbank31                            bank31       00000
__Hbank32                            bank32       00000
__Hbank33                            bank33       00000
__Hbank34                            bank34       00000
__Hbank35                            bank35       00000
__Hbank36                            bank36       00000
__Hbank37                            bank37       00000
__Hbank38                            bank38       00000
__Hbank39                            bank39       00000
__Hbank4                             bank4        00000
__Hbank40                            bank40       00000
__Hbank41                            bank41       00000
__Hbank42                            bank42       00000
__Hbank43                            bank43       00000
__Hbank44                            bank44       00000
__Hbank45                            bank45       00000
__Hbank46                            bank46       00000
__Hbank47                            bank47       00000
__Hbank48                            bank48       00000
__Hbank49                            bank49       00000
__Hbank5                             bank5        00000
__Hbank50                            bank50       00000
__Hbank51                            bank51       00000
__Hbank52                            bank52       00000
__Hbank53                            bank53       00000
__Hbank54                            bank54       00000
__Hbank55                            bank55       00000
__Hbank56                            bank56       00000
__Hbank57                            bank57       00000
__Hbank58                            bank58       00000
__Hbank59                            bank59       00000
__Hbank6                             bank6        00000
__Hbank60                            bank60       00000
__Hbank61                            bank61       00000
__Hbank62                            bank62       00000
__Hbank63                            bank63       00000
__Hbank7                             bank7        00000
__Hbank8                             bank8        00000
__Hbank9                             bank9        00000
__Hbigram                            bigram       00000
__Hclrtext                           clrtext      00000
__Hcode                              code         00000
__Hcommon                            common       00000
__Heeprom_data                       eeprom_data  00000
__Hfunctab                           functab      00000
__Hheap                              heap         00000
__Hmaintext                          maintext     00000
__Hpowerup                           powerup      00000
__Hram                               ram          00000
__Hsfr0                              sfr0         00000
__Hsfr1                              sfr1         00000
__Hsfr10                             sfr10        00000
__Hsfr11                             sfr11        00000
__Hsfr12                             sfr12        00000
__Hsfr13                             sfr13        00000
__Hsfr14                             sfr14        00000
__Hsfr15                             sfr15        00000
__Hsfr16                             sfr16        00000
__Hsfr17                             sfr17        00000
__Hsfr18                             sfr18        00000
__Hsfr19                             sfr19        00000
__Hsfr2                              sfr2         00000
__Hsfr20                             sfr20        00000
__Hsfr21                             sfr21        00000
__Hsfr22                             sfr22        00000
__Hsfr23                             sfr23        00000
__Hsfr24                             sfr24        00000
__Hsfr25                             sfr25        00000
__Hsfr26                             sfr26        00000
__Hsfr27                             sfr27        00000
__Hsfr28                             sfr28        00000
__Hsfr29                             sfr29        00000
__Hsfr3                              sfr3         00000
__Hsfr30                             sfr30        00000
__Hsfr31                             sfr31        00000
__Hsfr32                             sfr32        00000
__Hsfr33                             sfr33        00000
__Hsfr34                             sfr34        00000
__Hsfr35                             sfr35        00000
__Hsfr36                             sfr36        00000
__Hsfr37                             sfr37        00000
__Hsfr38                             sfr38        00000
__Hsfr39                             sfr39        00000
__Hsfr4                              sfr4         00000
__Hsfr40                             sfr40        00000
__Hsfr41                             sfr41        00000
__Hsfr42                             sfr42        00000
__Hsfr43                             sfr43        00000
__Hsfr44                             sfr44        00000
__Hsfr45                             sfr45        00000
__Hsfr46                             sfr46        00000
__Hsfr47                             sfr47        00000
__Hsfr48                             sfr48        00000
__Hsfr49                             sfr49        00000
__Hsfr5                              sfr5         00000
__Hsfr50                             sfr50        00000
__Hsfr51                             sfr51        00000
__Hsfr52                             sfr52        00000
__Hsfr53                             sfr53        00000
__Hsfr54                             sfr54        00000
__Hsfr55                             sfr55        00000
__Hsfr56                             sfr56        00000
__Hsfr57                             sfr57        00000
__Hsfr58                             sfr58        00000
__Hsfr59                             sfr59        00000
__Hsfr6                              sfr6         00000
__Hsfr60                             sfr60        00000
__Hsfr61                             sfr61        00000
__Hsfr62                             sfr62        00000
__Hsfr63                             sfr63        00000
__Hsfr7                              sfr7         00000
__Hsfr8                              sfr8         00000
__Hsfr9                              sfr9         00000
__Hspace_2                           (abs)        00000
__Hspace_3                           (abs)        00000
__Hstack                             stack        00000
__Hstrings                           strings      00000
__Htext                              text         00000
__L__absolute__                      __absolute__ 00000
__Labs1                              abs1         00000
__Lbank0                             bank0        00000
__Lbank1                             bank1        00000
__Lbank10                            bank10       00000
__Lbank11                            bank11       00000
__Lbank12                            bank12       00000
__Lbank13                            bank13       00000
__Lbank14                            bank14       00000
__Lbank15                            bank15       00000
__Lbank16                            bank16       00000
__Lbank17                            bank17       00000
__Lbank18                            bank18       00000
__Lbank19                            bank19       00000
__Lbank2                             bank2        00000
__Lbank20                            bank20       00000
__Lbank21                            bank21       00000
__Lbank22                            bank22       00000
__Lbank23                            bank23       00000
__Lbank24                            bank24       00000
__Lbank25                            bank25       00000
__Lbank26                            bank26       00000
__Lbank27                            bank27       00000
__Lbank28                            bank28       00000
__Lbank29                            bank29       00000
__Lbank3                             bank3        00000
__Lbank30                            bank30       00000
__Lbank31                            bank31       00000
__Lbank32                            bank32       00000
__Lbank33                            bank33       00000
__Lbank34                            bank34       00000
__Lbank35                            bank35       00000
__Lbank36                            bank36       00000
__Lbank37                            bank37       00000
__Lbank38                            bank38       00000
__Lbank39                            bank39       00000
__Lbank4                             bank4        00000
__Lbank40                            bank40       00000
__Lbank41                            bank41       00000
__Lbank42                            bank42       00000
__Lbank43                            bank43       00000
__Lbank44                            bank44       00000
__Lbank45                            bank45       00000
__Lbank46                            bank46       00000
__Lbank47                            bank47       00000
__Lbank48                            bank48       00000
__Lbank49                            bank49       00000
__Lbank5                             bank5        00000
__Lbank50                            bank50       00000
__Lbank51                            bank51       00000
__Lbank52                            bank52       00000
__Lbank53                            bank53       00000
__Lbank54                            bank54       00000
__Lbank55                            bank55       00000
__Lbank56                            bank56       00000
__Lbank57                            bank57       00000
__Lbank58                            bank58       00000
__Lbank59                            bank59       00000
__Lbank6                             bank6        00000
__Lbank60                            bank60       00000
__Lbank61                            bank61       00000
__Lbank62                            bank62       00000
__Lbank63                            bank63       00000
__Lbank7                             bank7        00000
__Lbank8                             bank8        00000
__Lbank9                             bank9        00000
__Lbigram                            bigram       00000
__Lclrtext                           clrtext      00000
__Lcode                              code         00000
__Lcommon                            common       00000
__Lconfig                            config       00000
__Leeprom_data                       eeprom_data  00000
__Lfunctab                           functab      00000
__Lheap                              heap         00000
__Lmaintext                          maintext     00000
__Lpowerup                           powerup      00000
__Lram                               ram          00000
__Lreset_vec                         reset_vec    00000
__Lsfr0                              sfr0         00000
__Lsfr1                              sfr1         00000
__Lsfr10                             sfr10        00000
__Lsfr11                             sfr11        00000
__Lsfr12                             sfr12        00000
__Lsfr13                             sfr13        00000
__Lsfr14                             sfr14        00000
__Lsfr15                             sfr15        00000
__Lsfr16                             sfr16        00000
__Lsfr17                             sfr17        00000
__Lsfr18                             sfr18        00000
__Lsfr19                             sfr19        00000
__Lsfr2                              sfr2         00000
__Lsfr20                             sfr20        00000
__Lsfr21                             sfr21        00000
__Lsfr22                             sfr22        00000
__Lsfr23                             sfr23        00000
__Lsfr24                             sfr24        00000
__Lsfr25                             sfr25        00000
__Lsfr26                             sfr26        00000
__Lsfr27                             sfr27        00000
__Lsfr28                             sfr28        00000
__Lsfr29                             sfr29        00000
__Lsfr3                              sfr3         00000
__Lsfr30                             sfr30        00000
__Lsfr31                             sfr31        00000
__Lsfr32                             sfr32        00000
__Lsfr33                             sfr33        00000
__Lsfr34                             sfr34        00000
__Lsfr35                             sfr35        00000
__Lsfr36                             sfr36        00000
__Lsfr37                             sfr37        00000
__Lsfr38                             sfr38        00000
__Lsfr39                             sfr39        00000
__Lsfr4                              sfr4         00000
__Lsfr40                             sfr40        00000
__Lsfr41                             sfr41        00000
__Lsfr42                             sfr42        00000
__Lsfr43                             sfr43        00000
__Lsfr44                             sfr44        00000
__Lsfr45                             sfr45        00000
__Lsfr46                             sfr46        00000
__Lsfr47                             sfr47        00000
__Lsfr48                             sfr48        00000
__Lsfr49                             sfr49        00000
__Lsfr5                              sfr5         00000
__Lsfr50                             sfr50        00000
__Lsfr51                             sfr51        00000
__Lsfr52                             sfr52        00000
__Lsfr53                             sfr53        00000
__Lsfr54                             sfr54        00000
__Lsfr55                             sfr55        00000
__Lsfr56                             sfr56        00000
__Lsfr57                             sfr57        00000
__Lsfr58                             sfr58        00000
__Lsfr59                             sfr59        00000
__Lsfr6                              sfr6         00000
__Lsfr60                             sfr60        00000
__Lsfr61                             sfr61        00000
__Lsfr62                             sfr62        00000
__Lsfr63                             sfr63        00000
__Lsfr7                              sfr7         00000
__Lsfr8                              sfr8         00000
__Lsfr9                              sfr9         00000
__Lspace_0                           (abs)        00000
__Lspace_1                           (abs)        00000
__Lspace_2                           (abs)        00000
__Lspace_3                           (abs)        00000
__Lspace_4                           (abs)        00000
__Lstack                             stack        00000
__Lstrings                           strings      00000
__Ltext                              text         00000
__S3                                 (abs)        00000
___heap_hi                           (abs)        00000
___heap_lo                           (abs)        00000
___int_sp                            stack        00000
___int_stack_hi                      stack        00000
___int_stack_lo                      stack        00000
___sp                                stack        00000
___stack_hi                          stack        00000
___stack_lo                          stack        00000
___stackhi                           (abs)        00000
___stacklo                           (abs)        00000
__ptext73                            text73       00000
i1_UART_RX_ParserReset               text73       00000
intlevel0                            functab      00000
intlevel1                            functab      00000
intlevel2                            functab      00000
intlevel3                            functab      00000
intlevel4                            functab      00000
intlevel5                            functab      00000
reset_vec                            reset_vec    00000
___latbits                           (abs)        00001
_COMM_tx_done                        text56       00002
__Hreset_vec                         reset_vec    00002
__ptext56                            text56       00002
_ISR                                 intentry     00004
__Lintentry                          intentry     00004
__end_of_COMM_tx_done                text56       00004
__pintentry                          intentry     00004
_INTCONbits                          (abs)        0000B
_TMR0_ISR                            text70       00007
__end_ofi1_UART_RX_ParserReset       text73       00007
__ptext70                            text70       00007
_TRISAbits                           (abs)        00012
_TRISCbits                           (abs)        00014
_LATA                                (abs)        00018
_LATC                                (abs)        0001A
__pcstackBANK0                       cstackBANK0  00020
?_ENS160_u16_from_le                 cstackBANK0  00022
?_TMR1_read16                        cstackBANK0  00022
?___lmul                             cstackBANK0  00022
?_stay@system$F2688                  cstackBANK0  00022
?_to@system$F2693                    cstackBANK0  00022
COMM_TX_start@tx                     cstackBANK0  00022
ENS160_u16_from_le@buf               cstackBANK0  00022
EVENT_Q_init@q                       cstackBANK0  00022
EVENT_Q_pop@q                        cstackBANK0  00022
EVENT_Q_push@q                       cstackBANK0  00022
FAN_CNT_start@fan                    cstackBANK0  00022
I2C2_wait_idle@timeout               cstackBANK0  00022
PWM_set_raw@chan                     cstackBANK0  00022
UART_CHKSUM@len                      cstackBANK0  00022
UART_parser_GetMsg@msg               cstackBANK0  00022
___lmul@multiplier                   cstackBANK0  00022
pin_clear@utils$F526@p               cstackBANK0  00022
pin_output@utils$F532@p              cstackBANK0  00022
pin_set@utils$F520@p                 cstackBANK0  00022
UART_CHKSUM@payload                  cstackBANK0  00023
EVENT_Q_pop@ev                       cstackBANK0  00024
EVENT_Q_push@ev                      cstackBANK0  00024
I2C2_read_byte@byte                  cstackBANK0  00024
I2C2_restart@timeout                 cstackBANK0  00024
I2C2_start@timeout                   cstackBANK0  00024
I2C2_stop@timeout                    cstackBANK0  00024
I2C2_write_byte@byte                 cstackBANK0  00024
PWM_set_raw@counts                   cstackBANK0  00024
stay@system$F2688@current            cstackBANK0  00024
to@system$F2693@s                    cstackBANK0  00024
APP_service@CTX                      cstackBANK0  00025
I2C2_read_byte@ack                   cstackBANK0  00025
I2C2_write_byte@timeout              cstackBANK0  00025
UART_CHKSUM@cmd                      cstackBANK0  00025
stay@system$F2688@t                  cstackBANK0  00025
to@system$F2693@t                    cstackBANK0  00025
ADG419_CHL_SELECT@dev                cstackBANK0  00026
I2C2_read_byte@timeout               cstackBANK0  00026
UART_CHKSUM@chk                      cstackBANK0  00026
___lmul@multiplicand                 cstackBANK0  00026
APP_service@ev                       cstackBANK0  00027
I2C2_write_reg@reg                   cstackBANK0  00027
UART_CHKSUM@i                        cstackBANK0  00027
ADG419_CHL_SELECT@chl                cstackBANK0  00028
COMM_assemble_frame@tx               cstackBANK0  00028
I2C2_read_reg@reg                    cstackBANK0  00028
I2C2_write_reg@data                  cstackBANK0  00028
I2C2_read_reg@data                   cstackBANK0  00029
I2C2_write_reg@len                   cstackBANK0  00029
TMR1_read16@low                      cstackBANK0  00029
I2C2_read_reg@len                    cstackBANK0  0002A
I2C2_write_reg@addr7                 cstackBANK0  0002A
TMR1_read16@high                     cstackBANK0  0002A
_UART_parser_GetMsg                  text67       00015
___lmul@product                      cstackBANK0  0002A
__end_of_TMR0_ISR                    text70       00015
__ptext67                            text67       00015
?_TMR1_CNT_meas                      cstackBANK0  0002B
ADG419_init@dev                      cstackBANK0  0002B
I2C2_write_reg@i                     cstackBANK0  0002B
I2C2_write_reg@ok                    cstackBANK0  0002C
ADG419_init@select_pin               cstackBANK0  0002D
ENS160_set_opmode@dev                cstackBANK0  0002D
I2C2_read_reg@addr7                  cstackBANK0  0002D
TMR1_CNT_meas@pulses                 cstackBANK0  0002D
?___lldiv                            cstackBANK0  0002E
I2C2_read_reg@i                      cstackBANK0  0002E
___lldiv@divisor                     cstackBANK0  0002E
ENS160_set_opmode@mode               cstackBANK0  0002F
I2C2_read_reg@ok                     cstackBANK0  0002F
ENS160_probe@part_id                 cstackBANK0  00030
ENS160_read_data@dev                 cstackBANK0  00030
ENS160_read_status@dev               cstackBANK0  00030
APP_service@fan_id                   cstackBANK0  00031
COMM_assemble_frame@j                cstackBANK0  00031
ENS160_probe@addr                    cstackBANK0  00031
COMM_assemble_frame@i                cstackBANK0  00032
ENS160_probe@buf                     cstackBANK0  00032
ENS160_read_data@buf                 cstackBANK0  00032
___lldiv@dividend                    cstackBANK0  00032
ENS160_read_status@status            cstackBANK0  00033
FSM_UART_debug_transmission@CTX      cstackBANK0  00033
ENS160_init@dev                      cstackBANK0  00034
FSM_UART_debug_transmission@old      cstackBANK0  00035
ENS160_init@addr                     cstackBANK0  00036
FSM_UART_debug_transmission@ev       cstackBANK0  00036
___lldiv@quotient                    cstackBANK0  00036
ENS160_init@part_id                  cstackBANK0  00037
FSM_UART_debug_transmission@next     cstackBANK0  00037
st_comm_entry@fan_id                 cstackBANK0  00037
___lldiv@counter                     cstackBANK0  0003A
?_FAN_RPM_CONV                       cstackBANK0  0003B
FAN_RPM_CONV@pulses                  cstackBANK0  0003B
PWM_set_percent@chan                 cstackBANK0  0003B
FAN_RPM_CONV@gate_ms                 cstackBANK0  0003D
PWM_set_percent@percent              cstackBANK0  0003D
FAN_RPM_CONV@pulses_pr_rev           cstackBANK0  0003F
FAN_CNT_stop@fan                     cstackBANK0  00044
PWM_set_percent@counts               cstackBANK0  00044
FAN_set_duty@fan                     cstackBANK0  00046
FAN_set_duty@duty_percent            cstackBANK0  00048
?_st_comm_handle                     cstackBANK0  0004B
?_st_idle_handle                     cstackBANK0  0004B
?_st_init_handle                     cstackBANK0  0004B
?_st_meas_ens160_handle              cstackBANK0  0004B
?_st_meas_fan_handle                 cstackBANK0  0004B
FAN_init@fan                         cstackBANK0  0004B
st_comm_handle@CTX                   cstackBANK0  0004B
st_idle_handle@CTX                   cstackBANK0  0004B
st_meas_ens160_handle@CTX            cstackBANK0  0004B
st_meas_fan_handle@CTX               cstackBANK0  0004B
FAN_init@pwm                         cstackBANK0  0004D
st_comm_handle@ev                    cstackBANK0  0004D
st_idle_handle@ev                    cstackBANK0  0004D
st_init_handle@ev                    cstackBANK0  0004D
st_meas_ens160_handle@ev             cstackBANK0  0004D
st_meas_fan_handle@ev                cstackBANK0  0004D
st_comm_handle@current               cstackBANK0  0004E
st_idle_handle@current               cstackBANK0  0004E
st_init_handle@current               cstackBANK0  0004E
st_meas_ens160_handle@current        cstackBANK0  0004E
st_meas_fan_handle@current           cstackBANK0  0004E
FAN_init@duty_percent                cstackBANK0  0004F
st_comm_entry@CTX                    cstackBANK0  00050
st_init_entry@CTX                    cstackBANK0  00050
st_meas_ens160_entry@CTX             cstackBANK0  00050
st_meas_fan_entry@CTX                cstackBANK0  00050
st_idle_handle@fan                   cstackBANK0  00053
st_init_entry@8405                   cstackBANK0  00053
FSM_init@sm                          cstackBANK0  00058
FSM_transition@sm                    cstackBANK0  00058
__Hinit                              init         0002C
__Hintentry                          intentry     0002C
__Hsivt                              sivt         0002C
__Lend_init                          end_init     0002C
__Linit                              init         0002C
__Lsivt                              sivt         0002C
__end_of_ISR                         intentry     0002C
start                                init         0002C
FSM_transition@next                  cstackBANK0  0005A
_CLOCK_init                          text65       0002E
__end_of_UART_parser_GetMsg          text67       0002E
__ptext65                            text65       0002E
__Hend_init                          end_init     0002F
__Lcinit                             cinit        0002F
__initialization                     cinit        0002F
start_initialization                 cinit        0002F
main@ev                              cstackBANK0  0005F
__pbssBANK0                          bssBANK0     00060
_g_sys_ms                            bssBANK0     00060
to@system$F768@F8364                 bssBANK0     00064
to@F8364                             bssBANK0     00066
APP_service@step                     bssBANK0     00068
_g_ENS160_f                          bssBANK0     00069
_g_fan_f                             bssBANK0     0006A
_END_REG                             bssBANK0     0006C
_g_tmr0_1ms_flag                     bssBANK0     0006D
__pcstackCOMMON                      cstackCOMMON 00070
_UART_RX_ParserReset                 text64       00039
__end_of_CLOCK_init                  text65       00039
__ptext64                            text64       00039
UART_RX_ParserFeed@i                 cstackCOMMON 00074
UART_RX_ParserFeed@byte              cstackCOMMON 00075
EUSART1_ISR@byte                     cstackCOMMON 00076
__pbssCOMMON                         bssCOMMON    00077
_g_tx_msg                            bssCOMMON    00077
_msg_ready                           bssCOMMON    00079
_g_tx_idx                            bssCOMMON    0007A
_g_uart_rx_msg_r                     bssCOMMON    0007B
_g_uart_rx_f                         bssCOMMON    0007C
__pdataCOMMON                        dataCOMMON   0007D
_g_comm_tx_done_f                    dataCOMMON   0007D
btemp                                (abs)        0007E
btemp0                               (abs)        0007E
int$flags                            (abs)        0007E
wtemp0                               (abs)        0007E
btemp1                               (abs)        0007F
ttemp0a                              (abs)        0007F
wtemp0a                              (abs)        0007F
_EUSART1_init                        text63       00040
__end_of_UART_RX_ParserReset         text64       00040
__ptext63                            text63       00040
ltemp0a                              (abs)        00080
_PIR0bits                            (abs)        0008C
_PIR1bits                            (abs)        0008D
_PIR4bits                            (abs)        00090
_PIR5bits                            (abs)        00091
_PIE0bits                            (abs)        00096
_PIE4bits                            (abs)        0009A
__pbssBANK1                          bssBANK1     000A0
_rx_parser                           bssBANK1     000A0
_rx_msg                              bssBANK1     000AD
_EVENT_Q_init                        text62       00059
__end_of_EUSART1_init                text63       00059
__ptext62                            text62       00059
APP_service@last_ms                  bssBANK1     000B7
_g_fan_deadline                      bssBANK1     000BB
to@system$F2693@F8364                bssBANK1     000BF
to@system$F2035@F8364                bssBANK1     000C1
_g_fan_flag                          bssBANK1     000C3
_ev_q                                bssBANK1     000C5
APP_service@rx_msg                   bssBANK1     000D0
__end_of__initialization             cinit        00068
end_of_initialization                cinit        00068
_COMM_TX_start                       text60       0006A
__end_of_EVENT_Q_init                text62       0006A
__ptext60                            text60       0006A
_APP_service                         text66       0006C
__Hcinit                             cinit        0006C
__ptext66                            text66       0006C
__pdataBANK1                         dataBANK1    000DA
st_init_entry@F8404                  dataBANK1    000DA
_PWM_FAN2_CH                         dataBANK1    000DF
_PWM_FAN1_CH                         dataBANK1    000E6
_UART_CHKSUM                         text59       00074
__end_of_COMM_TX_start               text60       00074
__ptext59                            text59       00074
FSM_dispatch@sm                      cstackBANK1  000ED
__pcstackBANK1                       cstackBANK1  000ED
FSM_dispatch@ev                      cstackBANK1  000EF
_COMM_clear_tx_done                  text57       0008F
__end_of_UART_CHKSUM                 text59       0008F
__ptext57                            text57       0008F
__pcstackBANK2                       cstackBANK2  00120
FSM_dispatch@old_state               cstackBANK2  00122
__end_of_COMM_clear_tx_done          text57       00091
__ptext54                            text54       00091
_pin_clear@utils$F526                text54       00091
FSM_dispatch@tr                      cstackBANK2  00123
__Hspace_1                           (abs)        00125
__S1                                 (abs)        00125
__end_of_pin_clear@utils$F526        text54       000A6
__ptext51                            text51       000A6
_pin_output@utils$F532               text51       000A6
_ENS160_u16_from_le                  text49       000BC
__end_of_pin_output@utils$F532       text51       000BC
__ptext49                            text49       000BC
_TMR0L                               (abs)        0019C
_TMR0H                               (abs)        0019D
_ENS160_set_opmode                   text39       000CF
_T0CON0bits                          (abs)        0019E
__end_of_ENS160_u16_from_le          text49       000CF
__ptext39                            text39       000CF
_T0CON1bits                          (abs)        0019F
_TMR1_CNT_reset                      text31       000E7
__end_of_ENS160_set_opmode           text39       000E7
__ptext31                            text31       000E7
_TMR1_CNT_start                      text30       000EE
__end_of_TMR1_CNT_reset              text31       000EE
__ptext30                            text30       000EE
__end_of_TMR1_CNT_start              text30       000F1
__ptext26                            text26       000F1
_st_idle_entry                       text26       000F1
__end_of_st_idle_entry               text26       000F2
__ptext22                            text22       000F2
_stay@system$F2688                   text22       000F2
__end_of_stay@system$F2688           text22       000FC
__ptext21                            text21       000FC
_to@system$F2693                     text21       000FC
_TMR1_read16                         text17       00107
__end_of_to@system$F2693             text21       00107
__ptext17                            text17       00107
_TMR1_CNT_meas                       text16       0011F
__end_of_TMR1_read16                 text17       0011F
__ptext16                            text16       0011F
_TMR1_CNT_stop                       text15       00133
__end_of_TMR1_CNT_meas               text16       00133
__ptext15                            text15       00133
_I2C2_init                           text6        00136
__end_of_TMR1_CNT_stop               text15       00136
__ptext6                             text6        00136
_OSCCON1                             (abs)        0028D
_OSCCON3                             (abs)        0028F
_ISR_init                            text5        00148
__end_of_I2C2_init                   text6        00148
__ptext5                             text5        00148
_OSCEN                               (abs)        00291
_OSCTUNE                             (abs)        00292
_OSCFRQ                              (abs)        00293
_ACTCON                              (abs)        00294
_TMR0_init                           text2        00151
__end_of_ISR_init                    text5        00151
__ptext2                             text2        00151
_TMR1_CNT_init                       text1        00164
__end_of_TMR0_init                   text2        00164
__ptext1                             text1        00164
__HcstackBANK0                       cstackBANK0  002DE
__HcstackBANK1                       cstackBANK1  002DE
__HcstackBANK2                       cstackBANK2  002DE
__HcstackCOMMON                      cstackCOMMON 002DE
__LcstackBANK0                       cstackBANK0  002DE
__LcstackBANK1                       cstackBANK1  002DE
__LcstackBANK2                       cstackBANK2  002DE
__LcstackCOMMON                      cstackCOMMON 002DE
__end_of_TMR1_CNT_init               text1        0016F
clear_ram0                           clrtext      0016F
__Hinittext                          inittext     002F6
__Linittext                          inittext     002F6
init_ram                             inittext     0017B
_TMR1L                               (abs)        0030C
_TMR1H                               (abs)        0030D
_T1CONbits                           (abs)        0030E
__HbssBANK0                          bssBANK0     0030E
__HbssBANK1                          bssBANK1     0030E
__HbssCOMMON                         bssCOMMON    0030E
__HdataBANK1                         dataBANK1    0030E
__HdataCOMMON                        dataCOMMON   0030E
__HidataBANK1                        idataBANK1   0030E
__Hstringtext1                       stringtext1  0030E
__LbssBANK0                          bssBANK0     0030E
__LbssBANK1                          bssBANK1     0030E
__LbssCOMMON                         bssCOMMON    0030E
__LdataBANK1                         dataBANK1    0030E
__LdataCOMMON                        dataCOMMON   0030E
__LidataBANK1                        idataBANK1   0030E
__Lstringtext1                       stringtext1  0030E
__pidataBANK1                        idataBANK1   00187
_T1GCONbits                          (abs)        0030F
_T1CLKbits                           (abs)        00311
__HidataCOMMON                       idataCOMMON  00334
__LidataCOMMON                       idataCOMMON  00334
__pidataCOMMON                       idataCOMMON  0019A
__end_of_APP_service                 text66       00203
__ptext24                            text24       00203
_st_comm_entry                       text24       00203
_PWM1ERS                             (abs)        0048C
_PWM1CLK                             (abs)        0048D
_PWM1LDS                             (abs)        0048E
_PWM1PR                              (abs)        0048F
_PWM1CPRE                            (abs)        00491
_PWM1GIEbits                         (abs)        00494
_PWM1CON                             (abs)        00495
_PWM1CONbits                         (abs)        00495
_PWM1S1CFGbits                       (abs)        00496
_PWM1S1P1                            (abs)        00497
_PWM1S1P2                            (abs)        00499
__end_of_st_comm_entry               text24       00313
__ptext10                            text10       00313
_st_meas_ens160_handle               text10       00313
_RC1REG                              (abs)        0070C
_TX1REG                              (abs)        0070D
_SP1BRGL                             (abs)        0070E
_SP1BRGH                             (abs)        0070F
_RC1STA                              (abs)        00710
_RC1STAbits                          (abs)        00710
_TX1STA                              (abs)        00711
_TX1STAbits                          (abs)        00711
_BAUD1CON                            (abs)        00712
_BAUD1CONbits                        (abs)        00712
_COMM_assemble_frame                 text58       003CB
_SSP2BUF                             (abs)        00796
__end_of_st_meas_ens160_handle       text10       003CB
__ptext58                            text58       003CB
_SSP2ADD                             (abs)        00797
_SSP2STAT                            (abs)        00799
_SSP2STATbits                        (abs)        00799
_SSP2CON1                            (abs)        0079A
_SSP2CON1bits                        (abs)        0079A
_SSP2CON2                            (abs)        0079B
_SSP2CON2bits                        (abs)        0079B
_SSP2CON3                            (abs)        0079C
_UART_RX_ParserFeed                  text72       0047B
__end_of_COMM_assemble_frame         text58       0047B
__ptext72                            text72       0047B
_I2C2_read_reg                       text42       00520
__end_of_UART_RX_ParserFeed          text72       00520
__ptext42                            text42       00520
__end_of_I2C2_read_reg               text42       005A1
__ptext11                            text11       005A1
_st_idle_handle                      text11       005A1
__end_of_st_idle_handle              text11       0061C
__ptext27                            text27       0061C
_st_init_entry                       text27       0061C
__end_of_st_init_entry               text27       0068E
__pmaintext                          maintext     0068E
_main                                maintext     0068E
_ENS160_init                         text38       006FD
__end_of_main                        maintext     006FD
__ptext38                            text38       006FD
_FSM_dispatch                        text8        0076C
__end_of_ENS160_init                 text38       0076C
__ptext8                             text8        0076C
_OPS                                 stringtext1  007D5
__end_of_FSM_dispatch                text8        007D5
__pstringtext1                       stringtext1  007D5
__Hspace_0                           (abs)        01000
__S0                                 (abs)        01000
__end_of_OPS                         stringtext1  00801
__ptext53                            text53       00801
_pin_set@utils$F520                  text53       00801
_PWM_init                            text3        00816
__end_of_pin_set@utils$F520          text53       00816
__ptext3                             text3        00816
_FAN_CNT_start                       text29       00832
__end_of_PWM_init                    text3        00832
__ptext29                            text29       00832
__end_of_FAN_CNT_start               text29       00851
__ptext25                            text25       00851
_st_meas_ens160_entry                text25       00851
_ADG419_CHL_SELECT                   text52       00870
__end_of_st_meas_ens160_entry        text25       00870
__ptext52                            text52       00870
__end_of_ADG419_CHL_SELECT           text52       00893
__ptext12                            text12       00893
_st_init_handle                      text12       00893
_I2C2_wait_idle                      text48       008B7
__end_of_st_init_handle              text12       008B7
__ptext48                            text48       008B7
_ENS160_probe                        text41       008DD
__end_of_I2C2_wait_idle              text48       008DD
__ptext41                            text41       008DD
_EVENT_Q_push                        text68       00905
__end_of_ENS160_probe                text41       00905
__ptext68                            text68       00905
_I2C2_restart                        text46       00930
__end_of_EVENT_Q_push                text68       00930
__ptext46                            text46       00930
_I2C2_start                          text45       0095C
__end_of_I2C2_restart                text46       0095C
__ptext45                            text45       0095C
_I2C2_stop                           text44       00988
__end_of_I2C2_start                  text45       00988
__ptext44                            text44       00988
_ADG419_init                         text50       009B4
__end_of_I2C2_stop                   text44       009B4
__ptext50                            text50       009B4
_FAN_set_duty                        text33       009E1
__end_of_ADG419_init                 text50       009E1
__ptext33                            text33       009E1
_EVENT_Q_pop                         text61       00A10
__end_of_FAN_set_duty                text33       00A10
__ptext61                            text61       00A10
__end_of_EVENT_Q_pop                 text61       00A41
__ptext9                             text9        00A41
_st_comm_handle                      text9        00A41
___lmul                              text35       00A72
__end_of_st_comm_handle              text9        00A72
__ptext35                            text35       00A72
_ENS160_read_status                  text19       00AA6
__end_of___lmul                      text35       00AA6
__ptext19                            text19       00AA6
_FAN_init                            text32       00ADB
__end_of_ENS160_read_status          text19       00ADB
__ptext32                            text32       00ADB
_I2C2_write_byte                     text43       00B12
__end_of_FAN_init                    text32       00B12
__ptext43                            text43       00B12
_FAN_CNT_stop                        text14       00B4C
__end_of_I2C2_write_byte             text43       00B4C
__ptext14                            text14       00B4C
_EUSART1_ISR                         text71       00B86
__end_of_FAN_CNT_stop                text14       00B86
__ptext71                            text71       00B86
_PIN_MANAGER_init                    text4        00BC8
__end_of_EUSART1_ISR                 text71       00BC8
__ptext4                             text4        00BC8
_PWM_set_raw                         text37       00C0C
__end_of_PIN_MANAGER_init            text4        00C0C
__ptext37                            text37       00C0C
_FSM_UART_debug_transmission         text55       00C51
__end_of_PWM_set_raw                 text37       00C51
__ptext55                            text55       00C51
_ENS160_read_data                    text20       00C9A
__end_of_FSM_UART_debug_transmission text55       00C9A
__ptext20                            text20       00C9A
__end_of_ENS160_read_data            text20       00CE5
__ptext13                            text13       00CE5
_st_meas_fan_handle                  text13       00CE5
_FSM_transition                      text23       00D34
__end_of_st_meas_fan_handle          text13       00D34
__ptext23                            text23       00D34
_FAN_RPM_CONV                        text18       00D84
__end_of_FSM_transition              text23       00D84
__ptext18                            text18       00D84
_PWM_set_percent                     text34       00DD5
__end_of_FAN_RPM_CONV                text18       00DD5
__ptext34                            text34       00DD5
_I2C2_write_reg                      text40       00E28
__end_of_PWM_set_percent             text34       00E28
__ptext40                            text40       00E28
___lldiv                             text36       00E7D
__end_of_I2C2_write_reg              text40       00E7D
__ptext36                            text36       00E7D
_RA5PPS                              (abs)        01D91
_RC1PPS                              (abs)        01D9D
_RC2PPS                              (abs)        01D9E
_RC3PPS                              (abs)        01D9F
_RC4PPS                              (abs)        01DA0
_I2C2_read_byte                      text47       00ED6
__end_of___lldiv                     text36       00ED6
__ptext47                            text47       00ED6
_PPSLOCK                             (abs)        01E0C
_PPSLOCKbits                         (abs)        01E0C
_T1CKIPPS                            (abs)        01E0F
_RX1PPS                              (abs)        01E42
_SSP2CLKPPS                          (abs)        01E4A
_SSP2DATPPS                          (abs)        01E4B
__end_of_I2C2_read_byte              text47       00F36
__ptext28                            text28       00F36
_st_meas_fan_entry                   text28       00F36
_ANSELAbits                          (abs)        01E8C
_WPUA                                (abs)        01E8D
_ODCONA                              (abs)        01E8E
_ANSELCbits                          (abs)        01EA0
_WPUC                                (abs)        01EA1
_ODCONC                              (abs)        01EA2
_SLRCONCbits                         (abs)        01EA3
_INLVLCbits                          (abs)        01EA4
_FSM_init                            text7        00F9B
__end_of_st_meas_fan_entry           text28       00F9B
__ptext7                             text7        00F9B
__end_of_FSM_init                    text7        01000
__pbssBIGRAM                         (abs)        02137
_sm                                  (abs)        02137
__Hspace_4                           (abs)        10013
__Hconfig                            config       0800C
