Microchip MPLAB XC8 Compiler V3.10

Linker command line:

-W-3 \
  --edf=D:/packs/Microchip/PIC16F1xxxx_DFP/1.29.444/xc8\pic\dat\20251218141021_en.msgs \
  -cn -h+dist/default/production\IOT_DEV_SENSOR.X.production.sym \
  --cmf=dist/default/production\IOT_DEV_SENSOR.X.production.cmf -z \
  -Q16F18124 -oC:\Users\alext\AppData\Local\Temp\xcAsprc.0\driver_tmp_3.o \
  --defsym=__MPLAB_BUILD=1 --fixupoverflow=error \
  -Mdist/default/production/IOT_DEV_SENSOR.X.production.map \
  --md=C:\Users\alext\AppData\Local\Temp\xcAsprc.0\driver_tmp_0.dat -E1 \
  -ver=XC8 Compiler -ACODE=00h-07FFhx2 -ASTRCODE=00h-0FFFh \
  -ASTRING=00h-0FFhx16 -ACONST=00h-0FFhx16 -AENTRY=00h-0FFhx16 \
  -ACOMMON=070h-07Fh -ABANK0=020h-06Fh -ABANK1=0A0h-0EFh \
  -ABANK2=0120h-016Fh -ABANK3=01A0h-01EFh -ABANK4=0220h-026Fh \
  -ABANK5=02A0h-02EFh -ABANK6=0320h-032Fh -ABIGRAM=02000h-021EFh \
  -ARAM=020h-06Fh,0A0h-0EFh,0120h-016Fh,01A0h-01EFh,0220h-026Fh,02A0h-02EFh,0320h-032Fh \
  -AABS1=020h-07Fh,0A0h-0EFh,0120h-016Fh,01A0h-01EFh,0220h-026Fh,02A0h-02EFh,0320h-032Fh \
  -ASFR0=00h-01Fh -ASFR1=080h-09Fh -ASFR2=0100h-011Fh -ASFR3=0180h-019Fh \
  -ASFR4=0200h-021Fh -ASFR5=0280h-029Fh -ASFR6=0300h-031Fh \
  -ASFR7=0380h-03EFh -ASFR8=0400h-046Fh -ASFR9=0480h-04EFh \
  -ASFR10=0500h-056Fh -ASFR11=0580h-05EFh -ASFR12=0600h-066Fh \
  -ASFR13=0680h-06EFh -ASFR14=0700h-076Fh -ASFR15=0780h-07EFh \
  -ASFR16=0800h-086Fh -ASFR17=0880h-08EFh -ASFR18=0900h-096Fh \
  -ASFR19=0980h-09EFh -ASFR20=0A00h-0A6Fh -ASFR21=0A80h-0AEFh \
  -ASFR22=0B00h-0B6Fh -ASFR23=0B80h-0BEFh -ASFR24=0C00h-0C6Fh \
  -ASFR25=0C80h-0CEFh -ASFR26=0D00h-0D6Fh -ASFR27=0D80h-0DEFh \
  -ASFR28=0E00h-0E6Fh -ASFR29=0E80h-0EEFh -ASFR30=0F00h-0F6Fh \
  -ASFR31=0F80h-0FEFh -ASFR32=01000h-0106Fh -ASFR33=01080h-010EFh \
  -ASFR34=01100h-0116Fh -ASFR35=01180h-011EFh -ASFR36=01200h-0126Fh \
  -ASFR37=01280h-012EFh -ASFR38=01300h-0136Fh -ASFR39=01380h-013EFh \
  -ASFR40=01400h-0146Fh -ASFR41=01480h-014EFh -ASFR42=01500h-0156Fh \
  -ASFR43=01580h-015EFh -ASFR44=01600h-0166Fh -ASFR45=01680h-016EFh \
  -ASFR46=01700h-0176Fh -ASFR47=01780h-017EFh -ASFR48=01800h-0186Fh \
  -ASFR49=01880h-018EFh -ASFR50=01900h-0196Fh -ASFR51=01980h-019EFh \
  -ASFR52=01A00h-01A6Fh -ASFR53=01A80h-01AEFh -ASFR54=01B00h-01B6Fh \
  -ASFR55=01B80h-01BEFh -ASFR56=01C00h-01C6Fh -ASFR57=01C80h-01CEFh \
  -ASFR58=01D00h-01D6Fh -ASFR59=01D80h-01DEFh -ASFR60=01E00h-01E6Fh \
  -ASFR61=01E80h-01EEFh -ASFR62=01F00h-01F6Fh -ASFR63=01F80h-01FEFh \
  -ACONFIG=08007h-0800Bh -DCONFIG=2 -AIDLOC=08000h-08003h -DIDLOC=2 \
  -AEEDATA=00h-07Fh/0F000h -peeprom_data=EEDATA -DEEDATA=2 -DCODE=2 \
  -DSTRCODE=2 -DSTRING=2 -DCONST=2 -DENTRY=2 \
  -preset_vec=00h,intentry=04h,sivt,init,end_init -ppowerup=CODE \
  -pcinit=CODE -pfunctab=ENTRY -k \
  C:\Users\alext\AppData\Local\Temp\xcAsprc.0\driver_tmp_15.o \
  dist/default/production\IOT_DEV_SENSOR.X.production.o 

Object code version is 3.11

Machine type is 16F18124



                Name                               Link     Load   Length Selector   Space Scale
C:\Users\alext\AppData\Local\Temp\xcAsprc.0\driver_tmp_15.o
                end_init                             1D       1D        2        8       0
                reset_vec                             0        0        2        0       0
                config                             8007     8007        5        0       4
dist/default/production\IOT_DEV_SENSOR.X.production.o
                cinit                                1F       1F       39        8       0
                intentry                              4        4       19        8       0
                config                             8007     8007        5        0       4
                text67                              936      936        5     126C       0
                text66                              4FB      4FB       94        8       0
                text65                              CDA      CDA       37     19B4       0
                text64                              99A      99A        D     1334       0
                text62                              B1A      B1A       21     1634       0
                text61                              9A7      9A7        E     134E       0
                text60                              92E      92E        2     125C       0
                text59                                2        2        2        0       0
                text58                              BCD      BCD       27     179A       0
                text57                              A2F      A2F       16     145E       0
                text56                               58       58      1A1        8       0
                text55                              96C      96C        B     12D8       0
                text54                              9E4      9E4       12     13C8       0
                text53                              ADE      ADE       1E     15BC       0
                text52                              FB3      FB3       4D     1F66       0
                text51                              B3B      B3B       24     1676       0
                text50                              B5F      B5F       24     16BE       0
                text49                              B83      B83       24     1706       0
                text48                              C1E      C1E       2D     183C       0
                text47                              6C2      6C2       62        8       0
                text46                              AA6      AA6       1C     154C       0
                text45                              D4A      D4A       3F     1A94       0
                text44                              A1B      A1B       14     1436       0
                text43                              724      724       58        8       0
                text42                              93B      93B        5     1276       0
                text41                              A5C      A5C       18     14B8       0
                text40                              9C3      9C3       10     1386       0
                text39                              C4B      C4B       2E     1896       0
                text38                              D89      D89       3F     1B12       0
                text37                              77C      77C       50        8       0
                text36                              C79      C79       2F     18F2       0
                text35                              F1F      F1F       4A     1E3E       0
                text34                              BA7      BA7       26     174E       0
                text33                              CA8      CA8       32     1950       0
                text32                              947      947        9     128E       0
                text31                              A74      A74       18     14E8       0
                text30                              316      316       AC        8       0
                text29                              940      940        7     1280       0
                text28                              930      930        3     1260       0
                text27                              A8C      A8C       1A     1518       0
                text26                              660      660       62        8       0
                text25                              92D      92D        1     125A       0
                text24                              AFC      AFC       1E     15F8       0
                text23                              1F9      1F9      11D        8       0
                text22                              F69      F69       4A     1ED2       0
                text21                              950      950        9     12A0       0
                text20                              962      962        A     12C4       0
                text19                              DC8      DC8       40     1B90       0
                text18                              BF4      BF4       2A     17E8       0
                text17                              E8F      E8F       47     1D1E       0
                text16                              A45      A45       17     148A       0
                text15                              9D3      9D3       11     13A6       0
                text14                              933      933        3     1266       0
                text13                              7CC      7CC       33        8       0
                text12                              ED6      ED6       49     1DAC       0
                text11                              58F      58F       6F        8       0
                text10                              3C2      3C2       A1        8       0
                text9                               D11      D11       39     1A22       0
                text8                               E08      E08       43     1C10       0
                text7                               5FE      5FE       62        8       0
                text6                               9F6      9F6       12     13EC       0
                text5                               959      959        9     12B2       0
                text4                               E4B      E4B       44     1C96       0
                text3                               AC2      AC2       1C     1584       0
                text2                               A08      A08       13     1410       0
                text1                               977      977        B     12EE       0
                maintext                            463      463       98        8       0
                cstackBANK0                          20       20       3A       20       1
                cstackCOMMON                         77       77        7       70       1
                cstackBANK1                          E2       E2        4       A0       1
                clrtext                             982      982        C     1304       0
                inittext                            98E      98E        C     131C       0
                dataBANK1                            D4       D4        E       A0       1
                bssBANK1                             A0       A0       34       A0       1
                bssBANK0                             5A       5A       14       20       1
                bssCOMMON                            70       70        7       70       1
                stringtext1                         7FF      7FF       10      FFE       0
                idataBANK1                          9B5      9B5        E     136A       0

TOTAL           Name                               Link     Load   Length     Space
        CLASS   CODE           
                end_init                             1D       1D        2         0
                cinit                                1F       1F       39         0
                intentry                              4        4       19         0
                reset_vec                             0        0        2         0
                text67                              936      936        5         0
                text66                              4FB      4FB       94         0
                text65                              CDA      CDA       37         0
                text64                              99A      99A        D         0
                text62                              B1A      B1A       21         0
                text61                              9A7      9A7        E         0
                text60                              92E      92E        2         0
                text59                                2        2        2         0
                text58                              BCD      BCD       27         0
                text57                              A2F      A2F       16         0
                text56                               58       58      1A1         0
                text55                              96C      96C        B         0
                text54                              9E4      9E4       12         0
                text53                              ADE      ADE       1E         0
                text52                              FB3      FB3       4D         0
                text51                              B3B      B3B       24         0
                text50                              B5F      B5F       24         0
                text49                              B83      B83       24         0
                text48                              C1E      C1E       2D         0
                text47                              6C2      6C2       62         0
                text46                              AA6      AA6       1C         0
                text45                              D4A      D4A       3F         0
                text44                              A1B      A1B       14         0
                text43                              724      724       58         0
                text42                              93B      93B        5         0
                text41                              A5C      A5C       18         0
                text40                              9C3      9C3       10         0
                text39                              C4B      C4B       2E         0
                text38                              D89      D89       3F         0
                text37                              77C      77C       50         0
                text36                              C79      C79       2F         0
                text35                              F1F      F1F       4A         0
                text34                              BA7      BA7       26         0
                text33                              CA8      CA8       32         0
                text32                              947      947        9         0
                text31                              A74      A74       18         0
                text30                              316      316       AC         0
                text29                              940      940        7         0
                text28                              930      930        3         0
                text27                              A8C      A8C       1A         0
                text26                              660      660       62         0
                text25                              92D      92D        1         0
                text24                              AFC      AFC       1E         0
                text23                              1F9      1F9      11D         0
                text22                              F69      F69       4A         0
                text21                              950      950        9         0
                text20                              962      962        A         0
                text19                              DC8      DC8       40         0
                text18                              BF4      BF4       2A         0
                text17                              E8F      E8F       47         0
                text16                              A45      A45       17         0
                text15                              9D3      9D3       11         0
                text14                              933      933        3         0
                text13                              7CC      7CC       33         0
                text12                              ED6      ED6       49         0
                text11                              58F      58F       6F         0
                text10                              3C2      3C2       A1         0
                text9                               D11      D11       39         0
                text8                               E08      E08       43         0
                text7                               5FE      5FE       62         0
                text6                               9F6      9F6       12         0
                text5                               959      959        9         0
                text4                               E4B      E4B       44         0
                text3                               AC2      AC2       1C         0
                text2                               A08      A08       13         0
                text1                               977      977        B         0
                maintext                            463      463       98         0
                clrtext                             982      982        C         0
                inittext                            98E      98E        C         0
                idataBANK1                          9B5      9B5        E         0

        CLASS   STRCODE        
                stringtext1                         7FF      7FF       10         0

        CLASS   STRING         

        CLASS   CONST          

        CLASS   ENTRY          

        CLASS   COMMON         
                cstackCOMMON                         77       77        7         1
                bssCOMMON                            70       70        7         1

        CLASS   BANK0          
                cstackBANK0                          20       20       3A         1
                bssBANK0                             5A       5A       14         1

        CLASS   BANK1          
                cstackBANK1                          E2       E2        4         1
                dataBANK1                            D4       D4        E         1
                bssBANK1                             A0       A0       34         1

        CLASS   BANK2          

        CLASS   BANK3          

        CLASS   BANK4          

        CLASS   BANK5          

        CLASS   BANK6          

        CLASS   BIGRAM         

        CLASS   RAM            

        CLASS   ABS1           
                abs_s1                               7E       7E        2         1
                abs_s1                              1EC      1EC        4         1
                abs_s1                              220      220       50         1
                abs_s1                              2A0      2A0       50         1
                abs_s1                              320      320       10         1
                abs_s1                             213C     213C        0         1

        CLASS   SFR0           

        CLASS   SFR1           

        CLASS   SFR2           

        CLASS   SFR3           

        CLASS   SFR4           

        CLASS   SFR5           

        CLASS   SFR6           

        CLASS   SFR7           

        CLASS   SFR8           

        CLASS   SFR9           

        CLASS   SFR10          

        CLASS   SFR11          

        CLASS   SFR12          

        CLASS   SFR13          

        CLASS   SFR14          

        CLASS   SFR15          

        CLASS   SFR16          

        CLASS   SFR17          

        CLASS   SFR18          

        CLASS   SFR19          

        CLASS   SFR20          

        CLASS   SFR21          

        CLASS   SFR22          

        CLASS   SFR23          

        CLASS   SFR24          

        CLASS   SFR25          

        CLASS   SFR26          

        CLASS   SFR27          

        CLASS   SFR28          

        CLASS   SFR29          

        CLASS   SFR30          

        CLASS   SFR31          

        CLASS   SFR32          

        CLASS   SFR33          

        CLASS   SFR34          

        CLASS   SFR35          

        CLASS   SFR36          

        CLASS   SFR37          

        CLASS   SFR38          

        CLASS   SFR39          

        CLASS   SFR40          

        CLASS   SFR41          

        CLASS   SFR42          

        CLASS   SFR43          

        CLASS   SFR44          

        CLASS   SFR45          

        CLASS   SFR46          

        CLASS   SFR47          

        CLASS   SFR48          

        CLASS   SFR49          

        CLASS   SFR50          

        CLASS   SFR51          

        CLASS   SFR52          

        CLASS   SFR53          

        CLASS   SFR54          

        CLASS   SFR55          

        CLASS   SFR56          

        CLASS   SFR57          

        CLASS   SFR58          

        CLASS   SFR59          

        CLASS   SFR60          

        CLASS   SFR61          

        CLASS   SFR62          

        CLASS   SFR63          

        CLASS   CONFIG         
                config                             8007     8007        5         4

        CLASS   IDLOC          

        CLASS   EEDATA         

        CLASS   BANK63         

        CLASS   BANK62         

        CLASS   BANK61         

        CLASS   BANK60         

        CLASS   BANK59         

        CLASS   BANK58         

        CLASS   BANK57         

        CLASS   BANK56         

        CLASS   BANK55         

        CLASS   BANK54         

        CLASS   BANK53         

        CLASS   BANK52         

        CLASS   BANK51         

        CLASS   BANK50         

        CLASS   BANK49         

        CLASS   BANK48         

        CLASS   BANK47         

        CLASS   BANK46         

        CLASS   BANK45         

        CLASS   BANK44         

        CLASS   BANK43         

        CLASS   BANK42         

        CLASS   BANK41         

        CLASS   BANK40         

        CLASS   BANK39         

        CLASS   BANK38         

        CLASS   BANK37         

        CLASS   BANK36         

        CLASS   BANK35         

        CLASS   BANK34         

        CLASS   BANK33         

        CLASS   BANK32         

        CLASS   BANK31         

        CLASS   BANK30         

        CLASS   BANK29         

        CLASS   BANK28         

        CLASS   BANK27         

        CLASS   BANK26         

        CLASS   BANK25         

        CLASS   BANK24         

        CLASS   BANK23         

        CLASS   BANK22         

        CLASS   BANK21         

        CLASS   BANK20         

        CLASS   BANK19         

        CLASS   BANK18         

        CLASS   BANK17         

        CLASS   BANK16         

        CLASS   BANK15         

        CLASS   BANK14         

        CLASS   BANK13         

        CLASS   BANK12         

        CLASS   BANK11         

        CLASS   BANK10         

        CLASS   BANK9          

        CLASS   BANK8          

        CLASS   BANK7          

        CLASS   HEAP           

        CLASS   STACK          



SEGMENTS        Name                           Load    Length   Top    Selector   Space  Class     Delta

                reset_vec                      000000  000004  000004         0       0  CODE        2
                intentry                       000004  0007FB  0007FF         8       0  CODE        2
                cstackBANK0                    000020  00004E  00006E        20       1  BANK0       1
                bssCOMMON                      000070  00000E  00007E        70       1  COMMON      1
                bssBANK1                       0000A0  000046  0000E6        A0       1  BANK1       1
                stringtext1                    0007FF  000010  00080F       FFE       0  STRCODE     2
                text25                         00092D  000001  00092E      125A       0  CODE        2
                text60                         00092E  000002  000930      125C       0  CODE        2
                text28                         000930  000003  000933      1260       0  CODE        2
                text14                         000933  000003  000936      1266       0  CODE        2
                text67                         000936  000005  00093B      126C       0  CODE        2
                text42                         00093B  000005  000940      1276       0  CODE        2
                text29                         000940  000007  000947      1280       0  CODE        2
                text32                         000947  000009  000950      128E       0  CODE        2
                text21                         000950  000009  000959      12A0       0  CODE        2
                text5                          000959  000009  000962      12B2       0  CODE        2
                text20                         000962  00000A  00096C      12C4       0  CODE        2
                text55                         00096C  00000B  000977      12D8       0  CODE        2
                text1                          000977  00000B  000982      12EE       0  CODE        2
                clrtext                        000982  00000C  00098E      1304       0  CODE        2
                inittext                       00098E  00000C  00099A      131C       0  CODE        2
                text64                         00099A  00000D  0009A7      1334       0  CODE        2
                text61                         0009A7  00000E  0009B5      134E       0  CODE        2
                idataBANK1                     0009B5  00000E  0009C3      136A       0  CODE        2
                text40                         0009C3  000010  0009D3      1386       0  CODE        2
                text15                         0009D3  000011  0009E4      13A6       0  CODE        2
                text54                         0009E4  000012  0009F6      13C8       0  CODE        2
                text6                          0009F6  000012  000A08      13EC       0  CODE        2
                text2                          000A08  000013  000A1B      1410       0  CODE        2
                text44                         000A1B  000014  000A2F      1436       0  CODE        2
                text57                         000A2F  000016  000A45      145E       0  CODE        2
                text16                         000A45  000017  000A5C      148A       0  CODE        2
                text41                         000A5C  000018  000A74      14B8       0  CODE        2
                text31                         000A74  000018  000A8C      14E8       0  CODE        2
                text27                         000A8C  00001A  000AA6      1518       0  CODE        2
                text46                         000AA6  00001C  000AC2      154C       0  CODE        2
                text3                          000AC2  00001C  000ADE      1584       0  CODE        2
                text53                         000ADE  00001E  000AFC      15BC       0  CODE        2
                text24                         000AFC  00001E  000B1A      15F8       0  CODE        2
                text62                         000B1A  000021  000B3B      1634       0  CODE        2
                text51                         000B3B  000024  000B5F      1676       0  CODE        2
                text50                         000B5F  000024  000B83      16BE       0  CODE        2
                text49                         000B83  000024  000BA7      1706       0  CODE        2
                text34                         000BA7  000026  000BCD      174E       0  CODE        2
                text58                         000BCD  000027  000BF4      179A       0  CODE        2
                text18                         000BF4  00002A  000C1E      17E8       0  CODE        2
                text48                         000C1E  00002D  000C4B      183C       0  CODE        2
                text39                         000C4B  00002E  000C79      1896       0  CODE        2
                text36                         000C79  00002F  000CA8      18F2       0  CODE        2
                text33                         000CA8  000032  000CDA      1950       0  CODE        2
                text65                         000CDA  000037  000D11      19B4       0  CODE        2
                text9                          000D11  000039  000D4A      1A22       0  CODE        2
                text45                         000D4A  00003F  000D89      1A94       0  CODE        2
                text38                         000D89  00003F  000DC8      1B12       0  CODE        2
                text19                         000DC8  000040  000E08      1B90       0  CODE        2
                text8                          000E08  000043  000E4B      1C10       0  CODE        2
                text4                          000E4B  000044  000E8F      1C96       0  CODE        2
                text17                         000E8F  000047  000ED6      1D1E       0  CODE        2
                text12                         000ED6  000049  000F1F      1DAC       0  CODE        2
                text35                         000F1F  00004A  000F69      1E3E       0  CODE        2
                text22                         000F69  00004A  000FB3      1ED2       0  CODE        2
                text52                         000FB3  00004D  001000      1F66       0  CODE        2


UNUSED ADDRESS RANGES

        Name                Unused          Largest block    Delta
        BANK0            0006E-0006F               2           1
        BANK1            000E6-000EF               A           1
        BANK2            00120-0016F              50           1
        BANK3            001A0-001EB              4C           1
        BIGRAM           02000-021EF             1F0           1
        CODE             0080F-0092C             11E           2
        CONST            0080F-0092C              F1           2
        EEDATA           0F000-0F07F              80           2
        ENTRY            0080F-0092C              F1           2
        IDLOC            08000-08003               4           2
        RAM              0006E-0006F               2           1
                         000E6-000EF               A
                         00120-0016F              50
                         001A0-001EB              4C
        SFR0             00000-0001F              20           1
        SFR1             00080-0009F              20           1
        SFR10            00500-0056F              70           1
        SFR11            00580-005EF              70           1
        SFR12            00600-0066F              70           1
        SFR13            00680-006EF              70           1
        SFR14            00700-0076F              70           1
        SFR15            00780-007EF              70           1
        SFR16            00800-0086F              70           1
        SFR17            00880-008EF              70           1
        SFR18            00900-0096F              70           1
        SFR19            00980-009EF              70           1
        SFR2             00100-0011F              20           1
        SFR20            00A00-00A6F              70           1
        SFR21            00A80-00AEF              70           1
        SFR22            00B00-00B6F              70           1
        SFR23            00B80-00BEF              70           1
        SFR24            00C00-00C6F              70           1
        SFR25            00C80-00CEF              70           1
        SFR26            00D00-00D6F              70           1
        SFR27            00D80-00DEF              70           1
        SFR28            00E00-00E6F              70           1
        SFR29            00E80-00EEF              70           1
        SFR3             00180-0019F              20           1
        SFR30            00F00-00F6F              70           1
        SFR31            00F80-00FEF              70           1
        SFR32            01000-0106F              70           1
        SFR33            01080-010EF              70           1
        SFR34            01100-0116F              70           1
        SFR35            01180-011EF              70           1
        SFR36            01200-0126F              70           1
        SFR37            01280-012EF              70           1
        SFR38            01300-0136F              70           1
        SFR39            01380-013EF              70           1
        SFR4             00200-0021F              20           1
        SFR40            01400-0146F              70           1
        SFR41            01480-014EF              70           1
        SFR42            01500-0156F              70           1
        SFR43            01580-015EF              70           1
        SFR44            01600-0166F              70           1
        SFR45            01680-016EF              70           1
        SFR46            01700-0176F              70           1
        SFR47            01780-017EF              70           1
        SFR48            01800-0186F              70           1
        SFR49            01880-018EF              70           1
        SFR5             00280-0029F              20           1
        SFR50            01900-0196F              70           1
        SFR51            01980-019EF              70           1
        SFR52            01A00-01A6F              70           1
        SFR53            01A80-01AEF              70           1
        SFR54            01B00-01B6F              70           1
        SFR55            01B80-01BEF              70           1
        SFR56            01C00-01C6F              70           1
        SFR57            01C80-01CEF              70           1
        SFR58            01D00-01D6F              70           1
        SFR59            01D80-01DEF              70           1
        SFR6             00300-0031F              20           1
        SFR60            01E00-01E6F              70           1
        SFR61            01E80-01EEF              70           1
        SFR62            01F00-01F6F              70           1
        SFR63            01F80-01FEF              70           1
        SFR7             00380-003EF              70           1
        SFR8             00400-0046F              70           1
        SFR9             00480-004EF              70           1
        STRCODE          0080F-0092C             11E           2
        STRING           0080F-0092C              F1           2

                                  Symbol Table

?_ENS160_u16_from_le           cstackBANK0  00022
?_FAN_RPM_CONV                 cstackBANK0  0003B
?_TMR1_CNT_meas                cstackBANK0  0002B
?_TMR1_read16                  cstackBANK0  00022
?___lldiv                      cstackBANK0  0002E
?___lmul                       cstackBANK0  00022
?_st_comm_handle               cstackBANK0  0004B
?_st_idle_handle               cstackBANK0  0004B
?_st_meas_ens160_handle        cstackBANK0  0004B
?_st_meas_fan_handle           cstackBANK0  0004B
?_stay@system$F2383            cstackBANK0  00022
?_to@system$F2388              cstackBANK0  00022
ADG419_CHL_SELECT@chl          cstackBANK0  00024
ADG419_CHL_SELECT@dev          cstackBANK0  00022
ADG419_init@dev                cstackBANK0  00027
APP_service@CTX                cstackBANK0  00025
APP_service@ev                 cstackBANK0  00027
APP_service@fan_id             cstackBANK0  00031
APP_service@last_ms            bssBANK1     000B7
APP_service@rx_msg             bssBANK1     000CA
APP_service@step               bssBANK0     00068
COMM_TX_start@tx               cstackBANK0  00022
COMM_assemble_frame@i          cstackBANK0  00032
COMM_assemble_frame@j          cstackBANK0  00031
COMM_assemble_frame@tx         cstackBANK0  00028
ENS160_init@addr               cstackBANK0  00036
ENS160_init@dev                cstackBANK0  00034
ENS160_init@part_id            cstackBANK0  00037
ENS160_probe@addr              cstackBANK0  00031
ENS160_probe@buf               cstackBANK0  00032
ENS160_probe@part_id           cstackBANK0  00030
ENS160_read_data@buf           cstackBANK0  00032
ENS160_read_data@dev           cstackBANK0  00030
ENS160_read_status@dev         cstackBANK0  00030
ENS160_read_status@status      cstackBANK0  00033
ENS160_set_opmode@dev          cstackBANK0  0002D
ENS160_set_opmode@mode         cstackBANK0  0002F
ENS160_u16_from_le@buf         cstackBANK0  00022
EUSART1_ISR@byte               cstackCOMMON 0007D
EVENT_Q_init@q                 cstackBANK0  00022
EVENT_Q_pop@ev                 cstackBANK0  00024
EVENT_Q_pop@q                  cstackBANK0  00022
EVENT_Q_push@ev                cstackBANK0  00024
EVENT_Q_push@q                 cstackBANK0  00022
FAN_CNT_start@fan              cstackBANK0  00022
FAN_CNT_stop@fan               cstackBANK0  00044
FAN_RPM_CONV@gate_ms           cstackBANK0  0003D
FAN_RPM_CONV@pulses            cstackBANK0  0003B
FAN_RPM_CONV@pulses_pr_rev     cstackBANK0  0003F
FAN_init@duty_percent          cstackBANK0  0004F
FAN_init@fan                   cstackBANK0  0004B
FAN_init@pwm                   cstackBANK0  0004D
FAN_set_duty@duty_percent      cstackBANK0  00048
FAN_set_duty@fan               cstackBANK0  00046
FSM_dispatch@ev                cstackBANK0  00057
FSM_dispatch@old_state         cstackBANK1  000E2
FSM_dispatch@sm                cstackBANK0  00055
FSM_dispatch@tr                cstackBANK1  000E3
FSM_init@sm                    cstackBANK0  0003D
FSM_transition@next            cstackBANK0  0003F
FSM_transition@sm              cstackBANK0  0003D
I2C2_read_byte@ack             cstackBANK0  00025
I2C2_read_byte@byte            cstackBANK0  00024
I2C2_read_byte@timeout         cstackBANK0  00026
I2C2_read_reg@addr7            cstackBANK0  0002D
I2C2_read_reg@data             cstackBANK0  00029
I2C2_read_reg@i                cstackBANK0  0002E
I2C2_read_reg@len              cstackBANK0  0002A
I2C2_read_reg@ok               cstackBANK0  0002F
I2C2_read_reg@reg              cstackBANK0  00028
I2C2_restart@timeout           cstackBANK0  00024
I2C2_start@timeout             cstackBANK0  00024
I2C2_stop@timeout              cstackBANK0  00024
I2C2_wait_idle@timeout         cstackBANK0  00022
I2C2_write_byte@byte           cstackBANK0  00024
I2C2_write_byte@timeout        cstackBANK0  00025
I2C2_write_reg@addr7           cstackBANK0  0002A
I2C2_write_reg@data            cstackBANK0  00028
I2C2_write_reg@i               cstackBANK0  0002B
I2C2_write_reg@len             cstackBANK0  00029
I2C2_write_reg@ok              cstackBANK0  0002C
I2C2_write_reg@reg             cstackBANK0  00027
PWM_set_percent@chan           cstackBANK0  0003B
PWM_set_percent@counts         cstackBANK0  00044
PWM_set_percent@percent        cstackBANK0  0003D
PWM_set_raw@chan               cstackBANK0  00022
PWM_set_raw@counts             cstackBANK0  00024
TMR1_CNT_meas@pulses           cstackBANK0  0002D
TMR1_read16@high               cstackBANK0  0002A
TMR1_read16@low                cstackBANK0  00029
UART_CHKSUM@chk                cstackBANK0  00026
UART_CHKSUM@cmd                cstackBANK0  00025
UART_CHKSUM@i                  cstackBANK0  00027
UART_CHKSUM@len                cstackBANK0  00022
UART_CHKSUM@payload            cstackBANK0  00023
UART_RX_ParserFeed@byte        cstackCOMMON 0007C
UART_RX_ParserFeed@i           cstackCOMMON 0007B
UART_parser_GetMsg@msg         cstackBANK0  00022
_ACTCON                        (abs)        00294
_ADG419_CHL_SELECT             text62       00B1A
_ADG419_init                   text61       009A7
_ANSELAbits                    (abs)        01E8C
_ANSELCbits                    (abs)        01EA0
_APP_service                   text56       00058
_BAUD1CON                      (abs)        00712
_BAUD1CONbits                  (abs)        00712
_CLOCK_init                    text55       0096C
_COMM_TX_start                 text32       00947
_COMM_assemble_frame           text30       00316
_COMM_clear_tx_done            text60       0092E
_COMM_tx_done                  text59       00002
_END_REG                       bssBANK0     0006C
_ENS160_init                   text43       00724
_ENS160_probe                  text46       00AA6
_ENS160_read_data              text19       00DC8
_ENS160_read_status            text18       00BF4
_ENS160_set_opmode             text44       00A1B
_ENS160_u16_from_le            text54       009E4
_EUSART1_ISR                   text65       00CDA
_EUSART1_init                  text41       00A5C
_EVENT_Q_init                  text40       009C3
_EVENT_Q_pop                   text39       00C4B
_EVENT_Q_push                  text58       00BCD
_FAN_CNT_start                 text27       00A8C
_FAN_CNT_stop                  text13       007CC
_FAN_RPM_CONV                  text17       00E8F
_FAN_init                      text33       00CA8
_FAN_set_duty                  text34       00BA7
_FSM_dispatch                  text8        00E08
_FSM_init                      text7        005FE
_FSM_transition                text22       00F69
_I2C2_init                     text6        009F6
_I2C2_read_byte                text52       00FB3
_I2C2_read_reg                 text47       006C2
_I2C2_restart                  text51       00B3B
_I2C2_start                    text50       00B5F
_I2C2_stop                     text49       00B83
_I2C2_wait_idle                text53       00ADE
_I2C2_write_byte               text48       00C1E
_I2C2_write_reg                text45       00D4A
_INLVLCbits                    (abs)        01EA4
_INTCONbits                    (abs)        0000B
_ISR                           intentry     00004
_ISR_init                      text5        00959
_LATA                          (abs)        00018
_LATAbits                      (abs)        00018
_LATC                          (abs)        0001A
_ODCONA                        (abs)        01E8E
_ODCONC                        (abs)        01EA2
_OPS                           stringtext1  007FF
_OSCCON1                       (abs)        0028D
_OSCCON3                       (abs)        0028F
_OSCEN                         (abs)        00291
_OSCFRQ                        (abs)        00293
_OSCTUNE                       (abs)        00292
_PIE0bits                      (abs)        00096
_PIE4bits                      (abs)        0009A
_PIN_MANAGER_init              text4        00E4B
_PIR0bits                      (abs)        0008C
_PIR1bits                      (abs)        0008D
_PIR4bits                      (abs)        00090
_PIR5bits                      (abs)        00091
_PPSLOCK                       (abs)        01E0C
_PPSLOCKbits                   (abs)        01E0C
_PWM1CLK                       (abs)        0048D
_PWM1CON                       (abs)        00495
_PWM1CONbits                   (abs)        00495
_PWM1CPRE                      (abs)        00491
_PWM1ERS                       (abs)        0048C
_PWM1GIEbits                   (abs)        00494
_PWM1LDS                       (abs)        0048E
_PWM1PR                        (abs)        0048F
_PWM1S1CFGbits                 (abs)        00496
_PWM1S1P1                      (abs)        00497
_PWM1S1P2                      (abs)        00499
_PWM_FAN1_CH                   dataBANK1    000DB
_PWM_FAN2_CH                   dataBANK1    000D4
_PWM_init                      text3        00AC2
_PWM_set_percent               text35       00F1F
_PWM_set_raw                   text38       00D89
_RA5PPS                        (abs)        01D91
_RC1PPS                        (abs)        01D9D
_RC1REG                        (abs)        0070C
_RC1STA                        (abs)        00710
_RC1STAbits                    (abs)        00710
_RC2PPS                        (abs)        01D9E
_RC3PPS                        (abs)        01D9F
_RC4PPS                        (abs)        01DA0
_RX1PPS                        (abs)        01E42
_SLRCONCbits                   (abs)        01EA3
_SP1BRGH                       (abs)        0070F
_SP1BRGL                       (abs)        0070E
_SSP2ADD                       (abs)        00797
_SSP2BUF                       (abs)        00796
_SSP2CLKPPS                    (abs)        01E4A
_SSP2CON1                      (abs)        0079A
_SSP2CON1bits                  (abs)        0079A
_SSP2CON2                      (abs)        0079B
_SSP2CON2bits                  (abs)        0079B
_SSP2CON3                      (abs)        0079C
_SSP2DATPPS                    (abs)        01E4B
_SSP2STAT                      (abs)        00799
_SSP2STATbits                  (abs)        00799
_T0CON0bits                    (abs)        0019E
_T0CON1bits                    (abs)        0019F
_T1CKIPPS                      (abs)        01E0F
_T1CLKbits                     (abs)        00311
_T1CONbits                     (abs)        0030E
_T1GCONbits                    (abs)        0030F
_TMR0H                         (abs)        0019D
_TMR0L                         (abs)        0019C
_TMR0_ISR                      text64       0099A
_TMR0_init                     text2        00A08
_TMR1H                         (abs)        0030D
_TMR1L                         (abs)        0030C
_TMR1_CNT_init                 text1        00977
_TMR1_CNT_meas                 text15       009D3
_TMR1_CNT_reset                text29       00940
_TMR1_CNT_start                text28       00930
_TMR1_CNT_stop                 text14       00933
_TMR1_read16                   text16       00A45
_TRISAbits                     (abs)        00012
_TRISCbits                     (abs)        00014
_TX1REG                        (abs)        0070D
_TX1STA                        (abs)        00711
_TX1STAbits                    (abs)        00711
_UART_CHKSUM                   text31       00A74
_UART_RX_ParserFeed            text66       004FB
_UART_RX_ParserReset           text67       00936
_UART_RX_Parserinit            text42       0093B
_UART_parser_GetMsg            text57       00A2F
_WPUA                          (abs)        01E8D
_WPUC                          (abs)        01EA1
__H__absolute__                __absolute__ 00000
__Habs1                        abs1         00000
__Hbank0                       bank0        00000
__Hbank1                       bank1        00000
__Hbank10                      bank10       00000
__Hbank11                      bank11       00000
__Hbank12                      bank12       00000
__Hbank13                      bank13       00000
__Hbank14                      bank14       00000
__Hbank15                      bank15       00000
__Hbank16                      bank16       00000
__Hbank17                      bank17       00000
__Hbank18                      bank18       00000
__Hbank19                      bank19       00000
__Hbank2                       bank2        00000
__Hbank20                      bank20       00000
__Hbank21                      bank21       00000
__Hbank22                      bank22       00000
__Hbank23                      bank23       00000
__Hbank24                      bank24       00000
__Hbank25                      bank25       00000
__Hbank26                      bank26       00000
__Hbank27                      bank27       00000
__Hbank28                      bank28       00000
__Hbank29                      bank29       00000
__Hbank3                       bank3        00000
__Hbank30                      bank30       00000
__Hbank31                      bank31       00000
__Hbank32                      bank32       00000
__Hbank33                      bank33       00000
__Hbank34                      bank34       00000
__Hbank35                      bank35       00000
__Hbank36                      bank36       00000
__Hbank37                      bank37       00000
__Hbank38                      bank38       00000
__Hbank39                      bank39       00000
__Hbank4                       bank4        00000
__Hbank40                      bank40       00000
__Hbank41                      bank41       00000
__Hbank42                      bank42       00000
__Hbank43                      bank43       00000
__Hbank44                      bank44       00000
__Hbank45                      bank45       00000
__Hbank46                      bank46       00000
__Hbank47                      bank47       00000
__Hbank48                      bank48       00000
__Hbank49                      bank49       00000
__Hbank5                       bank5        00000
__Hbank50                      bank50       00000
__Hbank51                      bank51       00000
__Hbank52                      bank52       00000
__Hbank53                      bank53       00000
__Hbank54                      bank54       00000
__Hbank55                      bank55       00000
__Hbank56                      bank56       00000
__Hbank57                      bank57       00000
__Hbank58                      bank58       00000
__Hbank59                      bank59       00000
__Hbank6                       bank6        00000
__Hbank60                      bank60       00000
__Hbank61                      bank61       00000
__Hbank62                      bank62       00000
__Hbank63                      bank63       00000
__Hbank7                       bank7        00000
__Hbank8                       bank8        00000
__Hbank9                       bank9        00000
__Hbigram                      bigram       00000
__HbssBANK0                    bssBANK0     00000
__HbssBANK1                    bssBANK1     00000
__HbssCOMMON                   bssCOMMON    00000
__Hcinit                       cinit        00058
__Hclrtext                     clrtext      00000
__Hcode                        code         00000
__Hcommon                      common       00000
__Hconfig                      config       0800C
__HcstackBANK0                 cstackBANK0  00000
__HcstackBANK1                 cstackBANK1  00000
__HcstackCOMMON                cstackCOMMON 00000
__HdataBANK1                   dataBANK1    00000
__Heeprom_data                 eeprom_data  00000
__Hend_init                    end_init     0001F
__Hfunctab                     functab      00000
__Hheap                        heap         00000
__HidataBANK1                  idataBANK1   00000
__Hinit                        init         0001D
__Hinittext                    inittext     00000
__Hintentry                    intentry     0001D
__Hmaintext                    maintext     00000
__Hpowerup                     powerup      00000
__Hram                         ram          00000
__Hreset_vec                   reset_vec    00002
__Hsfr0                        sfr0         00000
__Hsfr1                        sfr1         00000
__Hsfr10                       sfr10        00000
__Hsfr11                       sfr11        00000
__Hsfr12                       sfr12        00000
__Hsfr13                       sfr13        00000
__Hsfr14                       sfr14        00000
__Hsfr15                       sfr15        00000
__Hsfr16                       sfr16        00000
__Hsfr17                       sfr17        00000
__Hsfr18                       sfr18        00000
__Hsfr19                       sfr19        00000
__Hsfr2                        sfr2         00000
__Hsfr20                       sfr20        00000
__Hsfr21                       sfr21        00000
__Hsfr22                       sfr22        00000
__Hsfr23                       sfr23        00000
__Hsfr24                       sfr24        00000
__Hsfr25                       sfr25        00000
__Hsfr26                       sfr26        00000
__Hsfr27                       sfr27        00000
__Hsfr28                       sfr28        00000
__Hsfr29                       sfr29        00000
__Hsfr3                        sfr3         00000
__Hsfr30                       sfr30        00000
__Hsfr31                       sfr31        00000
__Hsfr32                       sfr32        00000
__Hsfr33                       sfr33        00000
__Hsfr34                       sfr34        00000
__Hsfr35                       sfr35        00000
__Hsfr36                       sfr36        00000
__Hsfr37                       sfr37        00000
__Hsfr38                       sfr38        00000
__Hsfr39                       sfr39        00000
__Hsfr4                        sfr4         00000
__Hsfr40                       sfr40        00000
__Hsfr41                       sfr41        00000
__Hsfr42                       sfr42        00000
__Hsfr43                       sfr43        00000
__Hsfr44                       sfr44        00000
__Hsfr45                       sfr45        00000
__Hsfr46                       sfr46        00000
__Hsfr47                       sfr47        00000
__Hsfr48                       sfr48        00000
__Hsfr49                       sfr49        00000
__Hsfr5                        sfr5         00000
__Hsfr50                       sfr50        00000
__Hsfr51                       sfr51        00000
__Hsfr52                       sfr52        00000
__Hsfr53                       sfr53        00000
__Hsfr54                       sfr54        00000
__Hsfr55                       sfr55        00000
__Hsfr56                       sfr56        00000
__Hsfr57                       sfr57        00000
__Hsfr58                       sfr58        00000
__Hsfr59                       sfr59        00000
__Hsfr6                        sfr6         00000
__Hsfr60                       sfr60        00000
__Hsfr61                       sfr61        00000
__Hsfr62                       sfr62        00000
__Hsfr63                       sfr63        00000
__Hsfr7                        sfr7         00000
__Hsfr8                        sfr8         00000
__Hsfr9                        sfr9         00000
__Hsivt                        sivt         0001D
__Hspace_0                     (abs)        01000
__Hspace_1                     (abs)        000E6
__Hspace_2                     (abs)        00000
__Hspace_3                     (abs)        00000
__Hspace_4                     (abs)        10013
__Hstack                       stack        00000
__Hstrings                     strings      00000
__Hstringtext1                 stringtext1  00000
__Htext                        text         00000
__L__absolute__                __absolute__ 00000
__Labs1                        abs1         00000
__Lbank0                       bank0        00000
__Lbank1                       bank1        00000
__Lbank10                      bank10       00000
__Lbank11                      bank11       00000
__Lbank12                      bank12       00000
__Lbank13                      bank13       00000
__Lbank14                      bank14       00000
__Lbank15                      bank15       00000
__Lbank16                      bank16       00000
__Lbank17                      bank17       00000
__Lbank18                      bank18       00000
__Lbank19                      bank19       00000
__Lbank2                       bank2        00000
__Lbank20                      bank20       00000
__Lbank21                      bank21       00000
__Lbank22                      bank22       00000
__Lbank23                      bank23       00000
__Lbank24                      bank24       00000
__Lbank25                      bank25       00000
__Lbank26                      bank26       00000
__Lbank27                      bank27       00000
__Lbank28                      bank28       00000
__Lbank29                      bank29       00000
__Lbank3                       bank3        00000
__Lbank30                      bank30       00000
__Lbank31                      bank31       00000
__Lbank32                      bank32       00000
__Lbank33                      bank33       00000
__Lbank34                      bank34       00000
__Lbank35                      bank35       00000
__Lbank36                      bank36       00000
__Lbank37                      bank37       00000
__Lbank38                      bank38       00000
__Lbank39                      bank39       00000
__Lbank4                       bank4        00000
__Lbank40                      bank40       00000
__Lbank41                      bank41       00000
__Lbank42                      bank42       00000
__Lbank43                      bank43       00000
__Lbank44                      bank44       00000
__Lbank45                      bank45       00000
__Lbank46                      bank46       00000
__Lbank47                      bank47       00000
__Lbank48                      bank48       00000
__Lbank49                      bank49       00000
__Lbank5                       bank5        00000
__Lbank50                      bank50       00000
__Lbank51                      bank51       00000
__Lbank52                      bank52       00000
__Lbank53                      bank53       00000
__Lbank54                      bank54       00000
__Lbank55                      bank55       00000
__Lbank56                      bank56       00000
__Lbank57                      bank57       00000
__Lbank58                      bank58       00000
__Lbank59                      bank59       00000
__Lbank6                       bank6        00000
__Lbank60                      bank60       00000
__Lbank61                      bank61       00000
__Lbank62                      bank62       00000
__Lbank63                      bank63       00000
__Lbank7                       bank7        00000
__Lbank8                       bank8        00000
__Lbank9                       bank9        00000
__Lbigram                      bigram       00000
__LbssBANK0                    bssBANK0     00000
__LbssBANK1                    bssBANK1     00000
__LbssCOMMON                   bssCOMMON    00000
__Lcinit                       cinit        0001F
__Lclrtext                     clrtext      00000
__Lcode                        code         00000
__Lcommon                      common       00000
__Lconfig                      config       00000
__LcstackBANK0                 cstackBANK0  00000
__LcstackBANK1                 cstackBANK1  00000
__LcstackCOMMON                cstackCOMMON 00000
__LdataBANK1                   dataBANK1    00000
__Leeprom_data                 eeprom_data  00000
__Lend_init                    end_init     0001D
__Lfunctab                     functab      00000
__Lheap                        heap         00000
__LidataBANK1                  idataBANK1   00000
__Linit                        init         0001D
__Linittext                    inittext     00000
__Lintentry                    intentry     00004
__Lmaintext                    maintext     00000
__Lpowerup                     powerup      00000
__Lram                         ram          00000
__Lreset_vec                   reset_vec    00000
__Lsfr0                        sfr0         00000
__Lsfr1                        sfr1         00000
__Lsfr10                       sfr10        00000
__Lsfr11                       sfr11        00000
__Lsfr12                       sfr12        00000
__Lsfr13                       sfr13        00000
__Lsfr14                       sfr14        00000
__Lsfr15                       sfr15        00000
__Lsfr16                       sfr16        00000
__Lsfr17                       sfr17        00000
__Lsfr18                       sfr18        00000
__Lsfr19                       sfr19        00000
__Lsfr2                        sfr2         00000
__Lsfr20                       sfr20        00000
__Lsfr21                       sfr21        00000
__Lsfr22                       sfr22        00000
__Lsfr23                       sfr23        00000
__Lsfr24                       sfr24        00000
__Lsfr25                       sfr25        00000
__Lsfr26                       sfr26        00000
__Lsfr27                       sfr27        00000
__Lsfr28                       sfr28        00000
__Lsfr29                       sfr29        00000
__Lsfr3                        sfr3         00000
__Lsfr30                       sfr30        00000
__Lsfr31                       sfr31        00000
__Lsfr32                       sfr32        00000
__Lsfr33                       sfr33        00000
__Lsfr34                       sfr34        00000
__Lsfr35                       sfr35        00000
__Lsfr36                       sfr36        00000
__Lsfr37                       sfr37        00000
__Lsfr38                       sfr38        00000
__Lsfr39                       sfr39        00000
__Lsfr4                        sfr4         00000
__Lsfr40                       sfr40        00000
__Lsfr41                       sfr41        00000
__Lsfr42                       sfr42        00000
__Lsfr43                       sfr43        00000
__Lsfr44                       sfr44        00000
__Lsfr45                       sfr45        00000
__Lsfr46                       sfr46        00000
__Lsfr47                       sfr47        00000
__Lsfr48                       sfr48        00000
__Lsfr49                       sfr49        00000
__Lsfr5                        sfr5         00000
__Lsfr50                       sfr50        00000
__Lsfr51                       sfr51        00000
__Lsfr52                       sfr52        00000
__Lsfr53                       sfr53        00000
__Lsfr54                       sfr54        00000
__Lsfr55                       sfr55        00000
__Lsfr56                       sfr56        00000
__Lsfr57                       sfr57        00000
__Lsfr58                       sfr58        00000
__Lsfr59                       sfr59        00000
__Lsfr6                        sfr6         00000
__Lsfr60                       sfr60        00000
__Lsfr61                       sfr61        00000
__Lsfr62                       sfr62        00000
__Lsfr63                       sfr63        00000
__Lsfr7                        sfr7         00000
__Lsfr8                        sfr8         00000
__Lsfr9                        sfr9         00000
__Lsivt                        sivt         0001D
__Lspace_0                     (abs)        00000
__Lspace_1                     (abs)        00000
__Lspace_2                     (abs)        00000
__Lspace_3                     (abs)        00000
__Lspace_4                     (abs)        00000
__Lstack                       stack        00000
__Lstrings                     strings      00000
__Lstringtext1                 stringtext1  00000
__Ltext                        text         00000
__S0                           (abs)        01000
__S1                           (abs)        000E6
__S3                           (abs)        00000
___heap_hi                     (abs)        00000
___heap_lo                     (abs)        00000
___int_sp                      stack        00000
___int_stack_hi                stack        00000
___int_stack_lo                stack        00000
___latbits                     (abs)        00001
___lldiv                       text37       0077C
___lldiv@counter               cstackBANK0  0003A
___lldiv@dividend              cstackBANK0  00032
___lldiv@divisor               cstackBANK0  0002E
___lldiv@quotient              cstackBANK0  00036
___lmul                        text36       00C79
___lmul@multiplicand           cstackBANK0  00026
___lmul@multiplier             cstackBANK0  00022
___lmul@product                cstackBANK0  0002A
___sp                          stack        00000
___stack_hi                    stack        00000
___stack_lo                    stack        00000
___stackhi                     (abs)        00000
___stacklo                     (abs)        00000
__end_of_ADG419_CHL_SELECT     text62       00B3B
__end_of_ADG419_init           text61       009B5
__end_of_APP_service           text56       001F9
__end_of_CLOCK_init            text55       00977
__end_of_COMM_TX_start         text32       00950
__end_of_COMM_assemble_frame   text30       003C2
__end_of_COMM_clear_tx_done    text60       00930
__end_of_COMM_tx_done          text59       00004
__end_of_ENS160_init           text43       0077C
__end_of_ENS160_probe          text46       00AC2
__end_of_ENS160_read_data      text19       00E08
__end_of_ENS160_read_status    text18       00C1E
__end_of_ENS160_set_opmode     text44       00A2F
__end_of_ENS160_u16_from_le    text54       009F6
__end_of_EUSART1_ISR           text65       00D11
__end_of_EUSART1_init          text41       00A74
__end_of_EVENT_Q_init          text40       009D3
__end_of_EVENT_Q_pop           text39       00C79
__end_of_EVENT_Q_push          text58       00BF4
__end_of_FAN_CNT_start         text27       00AA6
__end_of_FAN_CNT_stop          text13       007FF
__end_of_FAN_RPM_CONV          text17       00ED6
__end_of_FAN_init              text33       00CDA
__end_of_FAN_set_duty          text34       00BCD
__end_of_FSM_dispatch          text8        00E4B
__end_of_FSM_init              text7        00660
__end_of_FSM_transition        text22       00FB3
__end_of_I2C2_init             text6        00A08
__end_of_I2C2_read_byte        text52       01000
__end_of_I2C2_read_reg         text47       00724
__end_of_I2C2_restart          text51       00B5F
__end_of_I2C2_start            text50       00B83
__end_of_I2C2_stop             text49       00BA7
__end_of_I2C2_wait_idle        text53       00AFC
__end_of_I2C2_write_byte       text48       00C4B
__end_of_I2C2_write_reg        text45       00D89
__end_of_ISR                   intentry     0001D
__end_of_ISR_init              text5        00962
__end_of_OPS                   stringtext1  0080F
__end_of_PIN_MANAGER_init      text4        00E8F
__end_of_PWM_init              text3        00ADE
__end_of_PWM_set_percent       text35       00F69
__end_of_PWM_set_raw           text38       00DC8
__end_of_TMR0_ISR              text64       009A7
__end_of_TMR0_init             text2        00A1B
__end_of_TMR1_CNT_init         text1        00982
__end_of_TMR1_CNT_meas         text15       009E4
__end_of_TMR1_CNT_reset        text29       00947
__end_of_TMR1_CNT_start        text28       00933
__end_of_TMR1_CNT_stop         text14       00936
__end_of_TMR1_read16           text16       00A5C
__end_of_UART_CHKSUM           text31       00A8C
__end_of_UART_RX_ParserFeed    text66       0058F
__end_of_UART_RX_ParserReset   text67       0093B
__end_of_UART_RX_Parserinit    text42       00940
__end_of_UART_parser_GetMsg    text57       00A45
__end_of___lldiv               text37       007CC
__end_of___lmul                text36       00CA8
__end_of__initialization       cinit        00054
__end_of_main                  maintext     004FB
__end_of_st_comm_entry         text23       00316
__end_of_st_comm_handle        text9        00D4A
__end_of_st_idle_entry         text25       0092E
__end_of_st_idle_handle        text11       005FE
__end_of_st_meas_ens160_entry  text24       00B1A
__end_of_st_meas_ens160_handle text10       00463
__end_of_st_meas_fan_entry     text26       006C2
__end_of_st_meas_fan_handle    text12       00F1F
__end_of_stay@system$F2383     text21       00959
__end_of_to@system$F2388       text20       0096C
__initialization               cinit        0001F
__pbssBANK0                    bssBANK0     0005A
__pbssBANK1                    bssBANK1     000A0
__pbssBIGRAM                   (abs)        0213C
__pbssCOMMON                   bssCOMMON    00070
__pcstackBANK0                 cstackBANK0  00020
__pcstackBANK1                 cstackBANK1  000E2
__pcstackCOMMON                cstackCOMMON 00077
__pdataBANK1                   dataBANK1    000D4
__pidataBANK1                  idataBANK1   009B5
__pintentry                    intentry     00004
__pmaintext                    maintext     00463
__pstringtext1                 stringtext1  007FF
__ptext1                       text1        00977
__ptext10                      text10       003C2
__ptext11                      text11       0058F
__ptext12                      text12       00ED6
__ptext13                      text13       007CC
__ptext14                      text14       00933
__ptext15                      text15       009D3
__ptext16                      text16       00A45
__ptext17                      text17       00E8F
__ptext18                      text18       00BF4
__ptext19                      text19       00DC8
__ptext2                       text2        00A08
__ptext20                      text20       00962
__ptext21                      text21       00950
__ptext22                      text22       00F69
__ptext23                      text23       001F9
__ptext24                      text24       00AFC
__ptext25                      text25       0092D
__ptext26                      text26       00660
__ptext27                      text27       00A8C
__ptext28                      text28       00930
__ptext29                      text29       00940
__ptext3                       text3        00AC2
__ptext30                      text30       00316
__ptext31                      text31       00A74
__ptext32                      text32       00947
__ptext33                      text33       00CA8
__ptext34                      text34       00BA7
__ptext35                      text35       00F1F
__ptext36                      text36       00C79
__ptext37                      text37       0077C
__ptext38                      text38       00D89
__ptext39                      text39       00C4B
__ptext4                       text4        00E4B
__ptext40                      text40       009C3
__ptext41                      text41       00A5C
__ptext42                      text42       0093B
__ptext43                      text43       00724
__ptext44                      text44       00A1B
__ptext45                      text45       00D4A
__ptext46                      text46       00AA6
__ptext47                      text47       006C2
__ptext48                      text48       00C1E
__ptext49                      text49       00B83
__ptext5                       text5        00959
__ptext50                      text50       00B5F
__ptext51                      text51       00B3B
__ptext52                      text52       00FB3
__ptext53                      text53       00ADE
__ptext54                      text54       009E4
__ptext55                      text55       0096C
__ptext56                      text56       00058
__ptext57                      text57       00A2F
__ptext58                      text58       00BCD
__ptext59                      text59       00002
__ptext6                       text6        009F6
__ptext60                      text60       0092E
__ptext61                      text61       009A7
__ptext62                      text62       00B1A
__ptext64                      text64       0099A
__ptext65                      text65       00CDA
__ptext66                      text66       004FB
__ptext67                      text67       00936
__ptext7                       text7        005FE
__ptext8                       text8        00E08
__ptext9                       text9        00D11
_ev_q                          bssBANK1     000BF
_g_ENS160_f                    bssBANK0     00069
_g_comm_tx_done_f              bssCOMMON    00073
_g_fan_deadline                bssBANK1     000BB
_g_fan_f                       bssBANK0     0006A
_g_fan_flag                    bssBANK0     00062
_g_sys_ms                      bssBANK0     0005A
_g_tmr0_1ms_flag               bssBANK0     0006D
_g_tx_idx                      bssCOMMON    00074
_g_tx_msg                      bssCOMMON    00070
_g_uart_rx_f                   bssCOMMON    00076
_g_uart_rx_msg_r               bssCOMMON    00075
_main                          maintext     00463
_msg_ready                     bssCOMMON    00072
_rx_msg                        bssBANK1     000AD
_rx_parser                     bssBANK1     000A0
_sm                            (abs)        0213C
_st_comm_entry                 text23       001F9
_st_comm_entry$2765            cstackBANK0  00039
_st_comm_handle                text9        00D11
_st_idle_entry                 text25       0092D
_st_idle_handle                text11       0058F
_st_meas_ens160_entry          text24       00AFC
_st_meas_ens160_handle         text10       003C2
_st_meas_fan_entry             text26       00660
_st_meas_fan_handle            text12       00ED6
_stay@system$F2383             text21       00950
_to@system$F2388               text20       00962
btemp                          (abs)        0007E
btemp0                         (abs)        0007E
btemp1                         (abs)        0007F
clear_ram0                     clrtext      00982
end_of_initialization          cinit        00054
init_ram                       inittext     0098E
int$flags                      (abs)        0007E
intlevel0                      functab      00000
intlevel1                      functab      00000
intlevel2                      functab      00000
intlevel3                      functab      00000
intlevel4                      functab      00000
intlevel5                      functab      00000
ltemp0a                        (abs)        00080
main@ev                        cstackBANK1  000E5
reset_vec                      reset_vec    00000
st_comm_entry@CTX              cstackBANK0  00033
st_comm_entry@fan              cstackBANK0  0003B
st_comm_entry@fan_id           cstackBANK0  0003A
st_comm_handle@CTX             cstackBANK0  0004B
st_comm_handle@current         cstackBANK0  0004E
st_comm_handle@ev              cstackBANK0  0004D
st_idle_handle@CTX             cstackBANK0  0004B
st_idle_handle@current         cstackBANK0  0004E
st_idle_handle@ev              cstackBANK0  0004D
st_idle_handle@fan             cstackBANK0  00053
st_meas_ens160_entry@CTX       cstackBANK0  00033
st_meas_ens160_handle@CTX      cstackBANK0  0004B
st_meas_ens160_handle@current  cstackBANK0  0004E
st_meas_ens160_handle@ev       cstackBANK0  0004D
st_meas_fan_entry@CTX          cstackBANK0  00033
st_meas_fan_handle@CTX         cstackBANK0  0004B
st_meas_fan_handle@current     cstackBANK0  0004E
st_meas_fan_handle@ev          cstackBANK0  0004D
start                          init         0001D
start_initialization           cinit        0001F
stay@system$F2383@current      cstackBANK0  00024
stay@system$F2383@t            cstackBANK0  00025
to@system$F2388@F8340          bssBANK0     0005E
to@system$F2388@s              cstackBANK0  00024
to@system$F2388@t              cstackBANK0  00025
ttemp0a                        (abs)        0007F
wtemp0                         (abs)        0007E
wtemp0a                        (abs)        0007F


MODULE INFORMATION

Module		Function		Class		Link	Load	Size
src/TMR0.c
		_TMR0_init     		CODE           	0A08	0000	19
		_TMR0_ISR      		CODE           	099A	0000	13

src/TMR0.c estimated size: 32

src/ARG419BR.c
		_ADG419_init   		CODE           	09A7	0000	14
		_ADG419_CHL_SELECT		CODE           	0B1A	0000	33

src/ARG419BR.c estimated size: 47

src/eusart1.c
		_COMM_assemble_frame		CODE           	0316	0000	172
		_COMM_tx_done  		CODE           	0002	0000	2
		_COMM_TX_start 		CODE           	0947	0000	9
		_EUSART1_ISR   		CODE           	0CDA	0000	55
		_EUSART1_init  		CODE           	0A5C	0000	24
		_COMM_clear_tx_done		CODE           	092E	0000	2

src/eusart1.c estimated size: 264

C:\Program Files\Microchip\xc8\v3.10\pic\sources\c99\common\Umul32.c
		___lmul        		CODE           	0C79	0000	47

C:\Program Files\Microchip\xc8\v3.10\pic\sources\c99\common\Umul32.c estimated size: 47

src/system.c
		_st_idle_handle		CODE           	058F	0000	111
		_st_meas_ens160_entry		CODE           	0AFC	0000	30
		_st_comm_entry 		CODE           	01F9	0000	285
		_FSM_init      		CODE           	05FE	0000	98
		_st_comm_handle		CODE           	0D11	0000	57
		_FSM_transition		CODE           	0F69	0000	74
		_st_meas_ens160_handle		CODE           	03C2	0000	161
		_st_meas_fan_handle		CODE           	0ED6	0000	73
		_FSM_dispatch  		CODE           	0E08	0000	67
		_st_meas_fan_entry		CODE           	0660	0000	98
		_st_idle_entry 		CODE           	092D	0000	1

src/system.c estimated size: 1055

src/FAN.c
		_FAN_CNT_start 		CODE           	0A8C	0000	26
		_FAN_set_duty  		CODE           	0BA7	0000	38
		_FAN_RPM_CONV  		CODE           	0E8F	0000	71
		_FAN_init      		CODE           	0CA8	0000	50
		_FAN_CNT_stop  		CODE           	07CC	0000	51

src/FAN.c estimated size: 236

src/interrupt.c
		_ISR           		CODE           	0004	0000	25
		_ISR_init      		CODE           	0959	0000	9

src/interrupt.c estimated size: 34

src/I2C.c
		_I2C2_write_reg		CODE           	0D4A	0000	63
		_I2C2_restart  		CODE           	0B3B	0000	36
		_I2C2_init     		CODE           	09F6	0000	18
		_I2C2_read_reg 		CODE           	06C2	0000	98
		_I2C2_write_byte		CODE           	0C1E	0000	45
		_I2C2_wait_idle		CODE           	0ADE	0000	30
		_I2C2_read_byte		CODE           	0FB3	0000	77
		_I2C2_stop     		CODE           	0B83	0000	36
		_I2C2_start    		CODE           	0B5F	0000	36

src/I2C.c estimated size: 439

src/TMR1.c
		_TMR1_read16   		CODE           	0A45	0000	23
		_TMR1_CNT_meas 		CODE           	09D3	0000	17
		_TMR1_CNT_init 		CODE           	0977	0000	11
		_TMR1_CNT_stop 		CODE           	0933	0000	3
		_TMR1_CNT_reset		CODE           	0940	0000	7
		_TMR1_CNT_start		CODE           	0930	0000	3

src/TMR1.c estimated size: 64

src/main.c
		_APP_service   		CODE           	0058	0000	417
		_main          		CODE           	0463	0000	152

src/main.c estimated size: 569

src/event_queue.c
		_EVENT_Q_pop   		CODE           	0C4B	0000	46
		_EVENT_Q_push  		CODE           	0BCD	0000	39
		_EVENT_Q_init  		CODE           	09C3	0000	16

src/event_queue.c estimated size: 101

src/ENS_160.c
		_ENS160_read_status		CODE           	0BF4	0000	42
		_ENS160_init   		CODE           	0724	0000	88
		_ENS160_probe  		CODE           	0AA6	0000	28
		_ENS160_read_data		CODE           	0DC8	0000	64
		_ENS160_set_opmode		CODE           	0A1B	0000	20
		_ENS160_u16_from_le		CODE           	09E4	0000	18

src/ENS_160.c estimated size: 260

shared
		_OPS           		STRCODE        	07FF	0000	16
		__initialization		CODE           	001F	0000	53

shared estimated size: 69

src/clock.c
		_CLOCK_init    		CODE           	096C	0000	11

src/clock.c estimated size: 11

src/PWM.c
		_PWM_set_percent		CODE           	0F1F	0000	74
		_PWM_init      		CODE           	0AC2	0000	28
		_PWM_set_raw   		CODE           	0D89	0000	63

src/PWM.c estimated size: 165

C:\Program Files\Microchip\xc8\v3.10\pic\sources\c99\common\__lldiv.c
		___lldiv       		CODE           	077C	0000	80

C:\Program Files\Microchip\xc8\v3.10\pic\sources\c99\common\__lldiv.c estimated size: 80

src/../include/system.h
		_stay@system$F2383		CODE           	0950	0000	9
		_to@system$F2388		CODE           	0962	0000	10

src/../include/system.h estimated size: 19

src/pins.c
		_PIN_MANAGER_init		CODE           	0E4B	0000	68

src/pins.c estimated size: 68

src/parse.c
		_UART_RX_Parserinit		CODE           	093B	0000	5
		_UART_CHKSUM   		CODE           	0A74	0000	24
		_UART_parser_GetMsg		CODE           	0A2F	0000	22
		_UART_RX_ParserFeed		CODE           	04FB	0000	148
		_UART_RX_ParserReset		CODE           	0936	0000	5

src/parse.c estimated size: 204

